Component: ARM Compiler 5.06 update 6 (build 750) Tool: armlink [4d35ed]

==============================================================================

Section Cross References

    assembly_file.o(test_array) refers to assembly_file.o(NEW_ARRAY) for Array_Mem
    clib_arm.o(i.__user_perthread_libspace) refers to clib_arm.o(i.os_kernel_is_active) for os_kernel_is_active
    clib_arm.o(i.__user_perthread_libspace) refers to tasks.o(i.xTaskGetCurrentTaskHandle) for xTaskGetCurrentTaskHandle
    clib_arm.o(i.__user_perthread_libspace) refers to clib_arm.o(.bss) for os_libspace
    clib_arm.o(i._mutex_acquire) refers to clib_arm.o(i.os_kernel_is_active) for os_kernel_is_active
    clib_arm.o(i._mutex_acquire) refers to queue.o(i.xQueueSemaphoreTake) for xQueueSemaphoreTake
    clib_arm.o(i._mutex_free) refers to queue.o(i.vQueueDelete) for vQueueDelete
    clib_arm.o(i._mutex_free) refers to clib_arm.o(.bss) for clib_mutex_id
    clib_arm.o(i._mutex_initialize) refers to queue.o(i.xQueueCreateMutexStatic) for xQueueCreateMutexStatic
    clib_arm.o(i._mutex_initialize) refers to clib_arm.o(i.os_kernel_is_active) for os_kernel_is_active
    clib_arm.o(i._mutex_initialize) refers to queue.o(i.xQueueCreateMutex) for xQueueCreateMutex
    clib_arm.o(i._mutex_initialize) refers to clib_arm.o(.bss) for clib_mutex_id
    clib_arm.o(i._mutex_release) refers to clib_arm.o(i.os_kernel_is_active) for os_kernel_is_active
    clib_arm.o(i._mutex_release) refers to queue.o(i.xQueueGenericSend) for xQueueGenericSend
    clib_arm.o(i._platform_post_stackheap_init) refers to freertos_evr.o(i.EvrFreeRTOSSetup) for EvrFreeRTOSSetup
    clib_arm.o(i.os_kernel_is_active) refers to tasks.o(i.xTaskGetSchedulerState) for xTaskGetSchedulerState
    clib_arm.o(i.os_kernel_is_active) refers to clib_arm.o(.data) for os_kernel_active
    cmsis_os1.o(i.osMessageCreate) refers to cmsis_os2.o(i.osMessageQueueNew) for osMessageQueueNew
    cmsis_os1.o(i.osMessageGet) refers to cmsis_os2.o(i.osMessageQueueGet) for osMessageQueueGet
    cmsis_os1.o(i.osMessagePut) refers to cmsis_os2.o(i.osMessageQueuePut) for osMessageQueuePut
    cmsis_os1.o(i.osMutexCreate) refers to cmsis_os2.o(i.osMutexNew) for osMutexNew
    cmsis_os1.o(i.osSemaphoreCreate) refers to cmsis_os2.o(i.osSemaphoreNew) for osSemaphoreNew
    cmsis_os1.o(i.osSemaphoreWait) refers to cmsis_os2.o(i.osSemaphoreAcquire) for osSemaphoreAcquire
    cmsis_os1.o(i.osSemaphoreWait) refers to cmsis_os2.o(i.osSemaphoreGetCount) for osSemaphoreGetCount
    cmsis_os1.o(i.osSignalClear) refers to cmsis_os2.o(i.osThreadGetId) for osThreadGetId
    cmsis_os1.o(i.osSignalClear) refers to cmsis_os2.o(i.osThreadFlagsClear) for osThreadFlagsClear
    cmsis_os1.o(i.osSignalSet) refers to cmsis_os2.o(i.osThreadFlagsSet) for osThreadFlagsSet
    cmsis_os1.o(i.osSignalWait) refers to cmsis_os2.o(i.osThreadFlagsWait) for osThreadFlagsWait
    cmsis_os1.o(i.osThreadCreate) refers to cmsis_os2.o(i.osThreadNew) for osThreadNew
    cmsis_os1.o(i.osTimerCreate) refers to cmsis_os2.o(i.osTimerNew) for osTimerNew
    cmsis_os2.o(i.SysTick_Handler) refers to tasks.o(i.xTaskGetSchedulerState) for xTaskGetSchedulerState
    cmsis_os2.o(i.SysTick_Handler) refers to port.o(i.xPortSysTickHandler) for xPortSysTickHandler
    cmsis_os2.o(i.TimerCallback) refers to timers.o(i.pvTimerGetTimerID) for pvTimerGetTimerID
    cmsis_os2.o(i.osDelay) refers to cmsis_os2.o(i.__get_IPSR) for __get_IPSR
    cmsis_os2.o(i.osDelay) refers to cmsis_os2.o(i.__get_PRIMASK) for __get_PRIMASK
    cmsis_os2.o(i.osDelay) refers to tasks.o(i.vTaskDelay) for vTaskDelay
    cmsis_os2.o(i.osDelay) refers to cmsis_os2.o(.data) for KernelState
    cmsis_os2.o(i.osDelayUntil) refers to cmsis_os2.o(i.__get_IPSR) for __get_IPSR
    cmsis_os2.o(i.osDelayUntil) refers to cmsis_os2.o(i.__get_PRIMASK) for __get_PRIMASK
    cmsis_os2.o(i.osDelayUntil) refers to tasks.o(i.xTaskGetTickCount) for xTaskGetTickCount
    cmsis_os2.o(i.osDelayUntil) refers to tasks.o(i.vTaskDelayUntil) for vTaskDelayUntil
    cmsis_os2.o(i.osDelayUntil) refers to cmsis_os2.o(.data) for KernelState
    cmsis_os2.o(i.osEventFlagsClear) refers to cmsis_os2.o(i.__get_IPSR) for __get_IPSR
    cmsis_os2.o(i.osEventFlagsClear) refers to cmsis_os2.o(i.__get_PRIMASK) for __get_PRIMASK
    cmsis_os2.o(i.osEventFlagsClear) refers to event_groups.o(i.xEventGroupGetBitsFromISR) for xEventGroupGetBitsFromISR
    cmsis_os2.o(i.osEventFlagsClear) refers to event_groups.o(i.xEventGroupClearBitsFromISR) for xEventGroupClearBitsFromISR
    cmsis_os2.o(i.osEventFlagsClear) refers to event_groups.o(i.xEventGroupClearBits) for xEventGroupClearBits
    cmsis_os2.o(i.osEventFlagsClear) refers to cmsis_os2.o(.data) for KernelState
    cmsis_os2.o(i.osEventFlagsDelete) refers to cmsis_os2.o(i.__get_IPSR) for __get_IPSR
    cmsis_os2.o(i.osEventFlagsDelete) refers to cmsis_os2.o(i.__get_PRIMASK) for __get_PRIMASK
[...]
    defsig_other.o(.text) refers to defsig_general.o(.text) for __default_signal_display


==============================================================================

Removing Unused input sections from the image.

    Removing clib_arm.o(.rev16_text), (4 bytes).
    Removing clib_arm.o(.revsh_text), (4 bytes).
    Removing clib_arm.o(i.__user_perthread_libspace), (96 bytes).
    Removing clib_arm.o(i._platform_post_stackheap_init), (10 bytes).
    Removing cmsis_os1.o(.rev16_text), (4 bytes).
    Removing cmsis_os1.o(.revsh_text), (4 bytes).
    Removing cmsis_os1.o(i.osMessageCreate), (24 bytes).
    Removing cmsis_os1.o(i.osMessageGet), (70 bytes).
    Removing cmsis_os1.o(i.osMessagePut), (20 bytes).
    Removing cmsis_os1.o(i.osMutexCreate), (18 bytes).
    Removing cmsis_os1.o(i.osSemaphoreCreate), (24 bytes).
    Removing cmsis_os1.o(i.osSemaphoreWait), (58 bytes).
    Removing cmsis_os1.o(i.osSignalClear), (46 bytes).
    Removing cmsis_os1.o(i.osSignalSet), (36 bytes).
    Removing cmsis_os1.o(i.osSignalWait), (112 bytes).
    Removing cmsis_os1.o(i.osThreadCreate), (24 bytes).
    Removing cmsis_os1.o(i.osTimerCreate), (28 bytes).
    Removing cmsis_os2.o(.rev16_text), (4 bytes).
    Removing cmsis_os2.o(.revsh_text), (4 bytes).
    Removing cmsis_os2.o(i.TimerCallback), (24 bytes).
    Removing cmsis_os2.o(i.__NVIC_SetPriority), (120 bytes).
    Removing cmsis_os2.o(i.__get_IPSR), (6 bytes).
    Removing cmsis_os2.o(i.__get_PRIMASK), (6 bytes).
    Removing cmsis_os2.o(i.osDelay), (56 bytes).
    Removing cmsis_os2.o(i.osDelayUntil), (80 bytes).
    Removing cmsis_os2.o(i.osEventFlagsClear), (92 bytes).
    Removing cmsis_os2.o(i.osEventFlagsDelete), (60 bytes).
    Removing cmsis_os2.o(i.osEventFlagsGet), (68 bytes).
    Removing cmsis_os2.o(i.osEventFlagsNew), (104 bytes).
    Removing cmsis_os2.o(i.osEventFlagsSet), (112 bytes).
    Removing cmsis_os2.o(i.osEventFlagsWait), (176 bytes).
    Removing cmsis_os2.o(i.osKernelGetInfo), (72 bytes).
    Removing cmsis_os2.o(i.osKernelGetState), (56 bytes).
    Removing cmsis_os2.o(i.osKernelGetSysTimerCount), (66 bytes).
    Removing cmsis_os2.o(i.osKernelGetSysTimerFreq), (12 bytes).
    Removing cmsis_os2.o(i.osKernelGetTickCount), (48 bytes).
    Removing cmsis_os2.o(i.osKernelGetTickFreq), (6 bytes).
    Removing cmsis_os2.o(i.osKernelInitialize), (68 bytes).
    Removing cmsis_os2.o(i.osKernelLock), (80 bytes).
    Removing cmsis_os2.o(i.osKernelRestoreLock), (116 bytes).
    Removing cmsis_os2.o(i.osKernelStart), (80 bytes).
    Removing cmsis_os2.o(i.osKernelUnlock), (96 bytes).
    Removing cmsis_os2.o(i.osMessageQueueDelete), (60 bytes).
    Removing cmsis_os2.o(i.osMessageQueueGet), (160 bytes).
    Removing cmsis_os2.o(i.osMessageQueueGetCapacity), (16 bytes).
    Removing cmsis_os2.o(i.osMessageQueueGetCount), (64 bytes).
    Removing cmsis_os2.o(i.osMessageQueueGetMsgSize), (16 bytes).
    Removing cmsis_os2.o(i.osMessageQueueGetSpace), (76 bytes).
    Removing cmsis_os2.o(i.osMessageQueueNew), (164 bytes).
    Removing cmsis_os2.o(i.osMessageQueuePut), (164 bytes).
    Removing cmsis_os2.o(i.osMessageQueueReset), (64 bytes).
    Removing cmsis_os2.o(i.osMutexAcquire), (136 bytes).
    Removing cmsis_os2.o(i.osMutexDelete), (64 bytes).
    Removing cmsis_os2.o(i.osMutexGetOwner), (56 bytes).
    Removing cmsis_os2.o(i.osMutexNew), (192 bytes).
    Removing cmsis_os2.o(i.osMutexRelease), (100 bytes).
    Removing cmsis_os2.o(i.osSemaphoreAcquire), (132 bytes).
    Removing cmsis_os2.o(i.osSemaphoreDelete), (60 bytes).
    Removing cmsis_os2.o(i.osSemaphoreGetCount), (64 bytes).
    Removing cmsis_os2.o(i.osSemaphoreNew), (208 bytes).
    Removing cmsis_os2.o(i.osSemaphoreRelease), (112 bytes).
    Removing cmsis_os2.o(i.osThreadEnumerate), (128 bytes).
    Removing cmsis_os2.o(i.osThreadExit), (10 bytes).
    Removing cmsis_os2.o(i.osThreadFlagsClear), (112 bytes).
    Removing cmsis_os2.o(i.osThreadFlagsGet), (72 bytes).
    Removing cmsis_os2.o(i.osThreadFlagsSet), (148 bytes).
    Removing cmsis_os2.o(i.osThreadFlagsWait), (216 bytes).
    Removing cmsis_os2.o(i.osThreadGetCount), (44 bytes).
    Removing cmsis_os2.o(i.osThreadGetId), (12 bytes).
    Removing cmsis_os2.o(i.osThreadGetName), (56 bytes).
    Removing cmsis_os2.o(i.osThreadGetPriority), (56 bytes).
    Removing cmsis_os2.o(i.osThreadGetStackSpace), (56 bytes).
    Removing cmsis_os2.o(i.osThreadGetState), (96 bytes).
    Removing cmsis_os2.o(i.osThreadNew), (228 bytes).
    Removing cmsis_os2.o(i.osThreadResume), (60 bytes).
    Removing cmsis_os2.o(i.osThreadSetPriority), (76 bytes).
    Removing cmsis_os2.o(i.osThreadSuspend), (60 bytes).
    Removing cmsis_os2.o(i.osThreadTerminate), (80 bytes).
    Removing cmsis_os2.o(i.osThreadYield), (48 bytes).
    Removing cmsis_os2.o(i.osTimerDelete), (96 bytes).
    Removing cmsis_os2.o(i.osTimerGetName), (56 bytes).
    Removing cmsis_os2.o(i.osTimerIsRunning), (56 bytes).
    Removing cmsis_os2.o(i.osTimerNew), (200 bytes).
    Removing cmsis_os2.o(i.osTimerStart), (84 bytes).
    Removing cmsis_os2.o(i.osTimerStop), (96 bytes).
    Removing cmsis_os2.o(i.vApplicationGetIdleTaskMemory), (24 bytes).
    Removing cmsis_os2.o(i.vApplicationGetTimerTaskMemory), (24 bytes).
    Removing cmsis_os2.o(.bss), (1016 bytes).
    Removing cmsis_os2.o(.data), (4 bytes).
    Removing os_systick.o(.rev16_text), (4 bytes).
    Removing os_systick.o(.revsh_text), (4 bytes).
    Removing os_systick.o(i.OS_Tick_AcknowledgeIRQ), (12 bytes).
    Removing os_systick.o(i.OS_Tick_Disable), (52 bytes).
    Removing os_systick.o(i.OS_Tick_Enable), (48 bytes).
    Removing os_systick.o(i.OS_Tick_GetClock), (12 bytes).
    Removing os_systick.o(i.OS_Tick_GetCount), (16 bytes).
    Removing os_systick.o(i.OS_Tick_GetIRQn), (6 bytes).
    Removing os_systick.o(i.OS_Tick_GetInterval), (12 bytes).
    Removing os_systick.o(i.OS_Tick_GetOverflow), (16 bytes).
    Removing os_systick.o(i.OS_Tick_Setup), (88 bytes).
    Removing os_systick.o(i.__NVIC_SetPriority), (120 bytes).
    Removing os_systick.o(.data), (1 bytes).
    Removing arm_nn_activations_q15.o(.rev16_text), (4 bytes).
    Removing arm_nn_activations_q15.o(.revsh_text), (4 bytes).
    Removing arm_nn_activations_q15.o(i.arm_nn_activations_direct_q15), (240 bytes).
    Removing arm_nn_activations_q7.o(.rev16_text), (4 bytes).
    Removing arm_nn_activations_q7.o(.revsh_text), (4 bytes).
    Removing arm_nn_activations_q7.o(i.arm_nn_activations_direct_q7), (92 bytes).
    Removing arm_relu_q15.o(.rev16_text), (4 bytes).
    Removing arm_relu_q15.o(.revsh_text), (4 bytes).
    Removing arm_relu_q15.o(i.arm_relu_q15), (32 bytes).
    Removing arm_relu_q7.o(.rev16_text), (4 bytes).
    Removing arm_relu_q7.o(.revsh_text), (4 bytes).
    Removing arm_relu_q7.o(i.arm_relu_q7), (26 bytes).
    Removing arm_convolve_1x1_hwc_q7_fast_nonsquare.o(.rev16_text), (4 bytes).
    Removing arm_convolve_1x1_hwc_q7_fast_nonsquare.o(.revsh_text), (4 bytes).
    Removing arm_convolve_1x1_hwc_q7_fast_nonsquare.o(i.arm_convolve_1x1_HWC_q7_fast_nonsquare), (402 bytes).
    Removing arm_convolve_hwc_q15_basic.o(.rev16_text), (4 bytes).
    Removing arm_convolve_hwc_q15_basic.o(.revsh_text), (4 bytes).
    Removing arm_convolve_hwc_q15_basic.o(i.arm_convolve_HWC_q15_basic), (350 bytes).
    Removing arm_convolve_hwc_q15_fast.o(.rev16_text), (4 bytes).
    Removing arm_convolve_hwc_q15_fast.o(.revsh_text), (4 bytes).
    Removing arm_convolve_hwc_q15_fast.o(i.arm_convolve_HWC_q15_fast), (394 bytes).
    Removing arm_convolve_hwc_q7_rgb.o(.rev16_text), (4 bytes).
    Removing arm_convolve_hwc_q7_rgb.o(.revsh_text), (4 bytes).
    Removing arm_convolve_hwc_q7_rgb.o(i.arm_convolve_HWC_q7_RGB), (352 bytes).
    Removing arm_convolve_hwc_q7_basic.o(.rev16_text), (4 bytes).
    Removing arm_convolve_hwc_q7_basic.o(.revsh_text), (4 bytes).
    Removing arm_convolve_hwc_q7_basic.o(i.arm_convolve_HWC_q7_basic), (342 bytes).
    Removing arm_convolve_hwc_q7_basic_nonsquare.o(.rev16_text), (4 bytes).
    Removing arm_convolve_hwc_q7_basic_nonsquare.o(.revsh_text), (4 bytes).
    Removing arm_convolve_hwc_q7_basic_nonsquare.o(i.arm_convolve_HWC_q7_basic_nonsquare), (336 bytes).
    Removing arm_convolve_hwc_q7_fast.o(.rev16_text), (4 bytes).
    Removing arm_convolve_hwc_q7_fast.o(.revsh_text), (4 bytes).
    Removing arm_convolve_hwc_q7_fast.o(i.arm_convolve_HWC_q7_fast), (388 bytes).
    Removing arm_convolve_hwc_q7_fast_nonsquare.o(.rev16_text), (4 bytes).
    Removing arm_convolve_hwc_q7_fast_nonsquare.o(.revsh_text), (4 bytes).
    Removing arm_convolve_hwc_q7_fast_nonsquare.o(i.arm_convolve_HWC_q7_fast_nonsquare), (366 bytes).
    Removing arm_depthwise_conv_u8_basic_ver1.o(.rev16_text), (4 bytes).
    Removing arm_depthwise_conv_u8_basic_ver1.o(.revsh_text), (4 bytes).
    Removing arm_depthwise_conv_u8_basic_ver1.o(i.arm_depthwise_conv_u8_basic_ver1), (12 bytes).
    Removing arm_depthwise_separable_conv_hwc_q7.o(.rev16_text), (4 bytes).
    Removing arm_depthwise_separable_conv_hwc_q7.o(.revsh_text), (4 bytes).
    Removing arm_depthwise_separable_conv_hwc_q7.o(i.arm_depthwise_separable_conv_HWC_q7), (286 bytes).
    Removing arm_depthwise_separable_conv_hwc_q7_nonsquare.o(.rev16_text), (4 bytes).
    Removing arm_depthwise_separable_conv_hwc_q7_nonsquare.o(.revsh_text), (4 bytes).
    Removing arm_depthwise_separable_conv_hwc_q7_nonsquare.o(i.arm_depthwise_separable_conv_HWC_q7_nonsquare), (286 bytes).
    Removing arm_nn_mat_mult_kernel_q7_q15.o(.rev16_text), (4 bytes).
    Removing arm_nn_mat_mult_kernel_q7_q15.o(.revsh_text), (4 bytes).
    Removing arm_nn_mat_mult_kernel_q7_q15.o(i.arm_nn_mat_mult_kernel_q7_q15), (10 bytes).
    Removing arm_nn_mat_mult_kernel_q7_q15_reordered.o(.rev16_text), (4 bytes).
    Removing arm_nn_mat_mult_kernel_q7_q15_reordered.o(.revsh_text), (4 bytes).
    Removing arm_nn_mat_mult_kernel_q7_q15_reordered.o(i.arm_nn_mat_mult_kernel_q7_q15_reordered), (10 bytes).
    Removing arm_fully_connected_mat_q7_vec_q15.o(.rev16_text), (4 bytes).
    Removing arm_fully_connected_mat_q7_vec_q15.o(.revsh_text), (4 bytes).
    Removing arm_fully_connected_mat_q7_vec_q15.o(i.arm_fully_connected_mat_q7_vec_q15), (144 bytes).
    Removing arm_fully_connected_mat_q7_vec_q15_opt.o(.rev16_text), (4 bytes).
    Removing arm_fully_connected_mat_q7_vec_q15_opt.o(.revsh_text), (4 bytes).
    Removing arm_fully_connected_mat_q7_vec_q15_opt.o(i.arm_fully_connected_mat_q7_vec_q15_opt), (860 bytes).
    Removing arm_fully_connected_q15.o(.rev16_text), (4 bytes).
    Removing arm_fully_connected_q15.o(.revsh_text), (4 bytes).
    Removing arm_fully_connected_q15.o(i.arm_fully_connected_q15), (148 bytes).
    Removing arm_fully_connected_q15_opt.o(.rev16_text), (4 bytes).
    Removing arm_fully_connected_q15_opt.o(.revsh_text), (4 bytes).
    Removing arm_fully_connected_q15_opt.o(i.arm_fully_connected_q15_opt), (844 bytes).
    Removing arm_fully_connected_q7.o(.rev16_text), (4 bytes).
    Removing arm_fully_connected_q7.o(.revsh_text), (4 bytes).
    Removing arm_fully_connected_q7.o(i.arm_fully_connected_q7), (140 bytes).
    Removing arm_fully_connected_q7_opt.o(.rev16_text), (4 bytes).
    Removing arm_fully_connected_q7_opt.o(.revsh_text), (4 bytes).
    Removing arm_fully_connected_q7_opt.o(i.arm_fully_connected_q7_opt), (1022 bytes).
    Removing arm_nn_mult_q15.o(.rev16_text), (4 bytes).
    Removing arm_nn_mult_q15.o(.revsh_text), (4 bytes).
    Removing arm_nn_mult_q15.o(i.arm_nn_mult_q15), (112 bytes).
    Removing arm_nn_mult_q7.o(.rev16_text), (4 bytes).
    Removing arm_nn_mult_q7.o(.revsh_text), (4 bytes).
    Removing arm_nn_mult_q7.o(i.arm_nn_mult_q7), (112 bytes).
    Removing arm_nntables.o(.rev16_text), (4 bytes).
    Removing arm_nntables.o(.revsh_text), (4 bytes).
    Removing arm_nntables.o(.constdata), (2816 bytes).
    Removing arm_q7_to_q15_no_shift.o(.rev16_text), (4 bytes).
    Removing arm_q7_to_q15_no_shift.o(.revsh_text), (4 bytes).
    Removing arm_q7_to_q15_no_shift.o(i.arm_q7_to_q15_no_shift), (148 bytes).
    Removing arm_q7_to_q15_reordered_no_shift.o(.rev16_text), (4 bytes).
    Removing arm_q7_to_q15_reordered_no_shift.o(.revsh_text), (4 bytes).
    Removing arm_q7_to_q15_reordered_no_shift.o(i.arm_q7_to_q15_reordered_no_shift), (118 bytes).
    Removing arm_pool_q7_hwc.o(.rev16_text), (4 bytes).
    Removing arm_pool_q7_hwc.o(.revsh_text), (4 bytes).
    Removing arm_pool_q7_hwc.o(i.arm_avepool_q7_HWC), (206 bytes).
    Removing arm_pool_q7_hwc.o(i.arm_maxpool_q7_HWC), (200 bytes).
    Removing arm_softmax_q15.o(.rev16_text), (4 bytes).
    Removing arm_softmax_q15.o(.revsh_text), (4 bytes).
    Removing arm_softmax_q15.o(i.arm_softmax_q15), (288 bytes).
    Removing arm_softmax_q7.o(.rev16_text), (4 bytes).
    Removing arm_softmax_q7.o(.revsh_text), (4 bytes).
    Removing arm_softmax_q7.o(i.arm_softmax_q7), (268 bytes).
    Removing eventrecorder.o(.rev16_text), (4 bytes).
    Removing eventrecorder.o(.revsh_text), (4 bytes).
    Removing eventrecorder.o(i.EventRecord4), (124 bytes).
    Removing eventrecorder.o(i.EventRecordData), (312 bytes).
    Removing eventrecorder.o(i.EventRecorderClockUpdate), (44 bytes).
    Removing eventrecorder.o(i.EventRecorderDisable), (88 bytes).
    Removing eventrecorder.o(i.EventRecorderEnable), (88 bytes).
    Removing eventrecorder.o(i.EventRecorderInitialize), (296 bytes).
    Removing eventrecorder.o(i.EventRecorderStart), (52 bytes).
    Removing eventrecorder.o(i.EventRecorderStop), (52 bytes).
    Removing eventrecorder.o(i.EventRecorderTimerGetFreq), (4 bytes).
    Removing eventrecorder.o(i.EventRecorderTimerSetup), (16 bytes).
    Removing eventrecorder.o(i.GetContext), (32 bytes).
    Removing eventrecorder.o(i.crc16_ccitt), (68 bytes).
    Removing retarget_io.o(i._sys_close), (44 bytes).
    Removing retarget_io.o(i._sys_flen), (40 bytes).
    Removing retarget_io.o(i._sys_istty), (40 bytes).
    Removing retarget_io.o(i._sys_open), (112 bytes).
    Removing retarget_io.o(i._sys_read), (80 bytes).
    Removing retarget_io.o(i._sys_seek), (48 bytes).
    Removing retarget_io.o(i._sys_write), (88 bytes).
    Removing retarget_io.o(i._ttywrch), (4 bytes).
    Removing retarget_io.o(i.stderr_putchar), (4 bytes).
    Removing retarget_io.o(i.stdin_getchar), (8 bytes).
    Removing retarget_io.o(i.stdout_putchar), (4 bytes).
    Removing retarget_io.o(.constdata), (23 bytes).
    Removing startup_armcm0plus.o(HEAP), (3072 bytes).
    Removing system_armcm0plus.o(.rev16_text), (4 bytes).
    Removing system_armcm0plus.o(.revsh_text), (4 bytes).
    Removing system_armcm0plus.o(i.SystemCoreClockUpdate), (16 bytes).
    Removing freertos_evr.o(.rev16_text), (4 bytes).
    Removing freertos_evr.o(.revsh_text), (4 bytes).
    Removing freertos_evr.o(i.EvrFreeRTOSEventGroups_EventGroupClearBits), (24 bytes).
    Removing freertos_evr.o(i.EvrFreeRTOSEventGroups_EventGroupClearBitsFromIsr), (24 bytes).
    Removing freertos_evr.o(i.EvrFreeRTOSEventGroups_EventGroupCreate), (20 bytes).
    Removing freertos_evr.o(i.EvrFreeRTOSEventGroups_EventGroupCreateFailed), (20 bytes).
    Removing freertos_evr.o(i.EvrFreeRTOSEventGroups_EventGroupDelete), (20 bytes).
    Removing freertos_evr.o(i.EvrFreeRTOSEventGroups_EventGroupSetBits), (24 bytes).
    Removing freertos_evr.o(i.EvrFreeRTOSEventGroups_EventGroupSetBitsFromIsr), (24 bytes).
    Removing freertos_evr.o(i.EvrFreeRTOSEventGroups_EventGroupSyncBlock), (32 bytes).
    Removing freertos_evr.o(i.EvrFreeRTOSEventGroups_EventGroupSyncEnd), (32 bytes).
    Removing freertos_evr.o(i.EvrFreeRTOSEventGroups_EventGroupWaitBitsBlock), (24 bytes).
    Removing freertos_evr.o(i.EvrFreeRTOSEventGroups_EventGroupWaitBitsEnd), (32 bytes).
    Removing freertos_evr.o(i.EvrFreeRTOSQueue_CreateCountingSemaphore), (20 bytes).
    Removing freertos_evr.o(i.EvrFreeRTOSQueue_CreateCountingSemaphoreFailed), (20 bytes).
    Removing freertos_evr.o(i.EvrFreeRTOSQueue_GiveMutexRecursive), (20 bytes).
    Removing freertos_evr.o(i.EvrFreeRTOSQueue_GiveMutexRecursiveFailed), (20 bytes).
    Removing freertos_evr.o(i.EvrFreeRTOSQueue_QueuePeek), (20 bytes).
    Removing freertos_evr.o(i.EvrFreeRTOSQueue_QueuePeekFailed), (20 bytes).
    Removing freertos_evr.o(i.EvrFreeRTOSQueue_QueuePeekFromIsr), (20 bytes).
    Removing freertos_evr.o(i.EvrFreeRTOSQueue_QueuePeekFromIsrFailed), (20 bytes).
    Removing freertos_evr.o(i.EvrFreeRTOSQueue_QueueReceiveFromIsr), (20 bytes).
    Removing freertos_evr.o(i.EvrFreeRTOSQueue_QueueReceiveFromIsrFailed), (20 bytes).
    Removing freertos_evr.o(i.EvrFreeRTOSQueue_QueueRegistryAdd), (24 bytes).
    Removing freertos_evr.o(i.EvrFreeRTOSQueue_QueueSendFromIsr), (20 bytes).
    Removing freertos_evr.o(i.EvrFreeRTOSQueue_QueueSendFromIsrFailed), (20 bytes).
    Removing freertos_evr.o(i.EvrFreeRTOSQueue_TakeMutexRecursive), (20 bytes).
    Removing freertos_evr.o(i.EvrFreeRTOSQueue_TakeMutexRecursiveFailed), (20 bytes).
    Removing freertos_evr.o(i.EvrFreeRTOSSetup), (116 bytes).
    Removing freertos_evr.o(i.EvrFreeRTOSStreamBuf_StreamBufferBlockingOnReceive), (20 bytes).
    Removing freertos_evr.o(i.EvrFreeRTOSStreamBuf_StreamBufferBlockingOnSend), (20 bytes).
    Removing freertos_evr.o(i.EvrFreeRTOSStreamBuf_StreamBufferCreate), (24 bytes).
    Removing freertos_evr.o(i.EvrFreeRTOSStreamBuf_StreamBufferCreateFailed), (20 bytes).
    Removing freertos_evr.o(i.EvrFreeRTOSStreamBuf_StreamBufferCreateStaticFailed), (24 bytes).
    Removing freertos_evr.o(i.EvrFreeRTOSStreamBuf_StreamBufferDelete), (20 bytes).
    Removing freertos_evr.o(i.EvrFreeRTOSStreamBuf_StreamBufferReceive), (24 bytes).
    Removing freertos_evr.o(i.EvrFreeRTOSStreamBuf_StreamBufferReceiveFailed), (20 bytes).
    Removing freertos_evr.o(i.EvrFreeRTOSStreamBuf_StreamBufferReceiveFromIsr), (24 bytes).
    Removing freertos_evr.o(i.EvrFreeRTOSStreamBuf_StreamBufferReset), (20 bytes).
    Removing freertos_evr.o(i.EvrFreeRTOSStreamBuf_StreamBufferSend), (24 bytes).
    Removing freertos_evr.o(i.EvrFreeRTOSStreamBuf_StreamBufferSendFailed), (20 bytes).
    Removing freertos_evr.o(i.EvrFreeRTOSStreamBuf_StreamBufferSendFromIsr), (24 bytes).
    Removing freertos_evr.o(i.EvrFreeRTOSTasks_IncreaseTickCount), (20 bytes).
    Removing freertos_evr.o(i.EvrFreeRTOSTasks_LowPowerIdleBegin), (20 bytes).
    Removing freertos_evr.o(i.EvrFreeRTOSTasks_LowPowerIdleEnd), (20 bytes).
    Removing freertos_evr.o(i.EvrFreeRTOSTasks_TaskCreate), (18 bytes).
    Removing freertos_evr.o(i.EvrFreeRTOSTasks_TaskCreateFailed), (20 bytes).
    Removing freertos_evr.o(i.EvrFreeRTOSTasks_TaskDelay), (20 bytes).
    Removing freertos_evr.o(i.EvrFreeRTOSTasks_TaskDelayUntil), (20 bytes).
    Removing freertos_evr.o(i.EvrFreeRTOSTasks_TaskDelete), (20 bytes).
    Removing freertos_evr.o(i.EvrFreeRTOSTasks_TaskNotify), (32 bytes).
    Removing freertos_evr.o(i.EvrFreeRTOSTasks_TaskNotifyFromIsr), (32 bytes).
    Removing freertos_evr.o(i.EvrFreeRTOSTasks_TaskNotifyGiveFromIsr), (24 bytes).
    Removing freertos_evr.o(i.EvrFreeRTOSTasks_TaskNotifyTake), (20 bytes).
    Removing freertos_evr.o(i.EvrFreeRTOSTasks_TaskNotifyTakeBlock), (20 bytes).
    Removing freertos_evr.o(i.EvrFreeRTOSTasks_TaskNotifyWait), (20 bytes).
    Removing freertos_evr.o(i.EvrFreeRTOSTasks_TaskNotifyWaitBlock), (20 bytes).
    Removing freertos_evr.o(i.EvrFreeRTOSTasks_TaskPrioritySet), (24 bytes).
    Removing freertos_evr.o(i.EvrFreeRTOSTasks_TaskResume), (20 bytes).
    Removing freertos_evr.o(i.EvrFreeRTOSTasks_TaskResumeFromIsr), (20 bytes).
    Removing freertos_evr.o(i.EvrFreeRTOSTasks_TaskSuspend), (20 bytes).
    Removing freertos_evr.o(i.EvrFreeRTOSTimers_PendFuncCall), (32 bytes).
    Removing freertos_evr.o(i.EvrFreeRTOSTimers_PendFuncCallFromIsr), (32 bytes).
    Removing freertos_evr.o(i.EvrFreeRTOSTimers_TimerCommandReceived), (32 bytes).
    Removing freertos_evr.o(i.EvrFreeRTOSTimers_TimerCommandSend), (32 bytes).
    Removing freertos_evr.o(i.EvrFreeRTOSTimers_TimerCreate), (20 bytes).
    Removing freertos_evr.o(i.EvrFreeRTOSTimers_TimerCreateFailed), (20 bytes).
    Removing freertos_evr.o(i.EvrFreeRTOSTimers_TimerExpired), (20 bytes).
    Removing freertos_evr.o(.data), (1 bytes).
    Removing croutine.o(.rev16_text), (4 bytes).
    Removing croutine.o(.revsh_text), (4 bytes).
    Removing event_groups.o(.rev16_text), (4 bytes).
    Removing event_groups.o(.revsh_text), (4 bytes).
    Removing event_groups.o(i.prvTestWaitCondition), (34 bytes).
    Removing event_groups.o(i.uxEventGroupGetNumber), (14 bytes).
    Removing event_groups.o(i.vEventGroupClearBitsCallback), (16 bytes).
    Removing event_groups.o(i.vEventGroupDelete), (54 bytes).
    Removing event_groups.o(i.vEventGroupSetBitsCallback), (16 bytes).
    Removing event_groups.o(i.vEventGroupSetNumber), (4 bytes).
    Removing event_groups.o(i.xEventGroupClearBits), (36 bytes).
    Removing event_groups.o(i.xEventGroupClearBitsFromISR), (36 bytes).
    Removing event_groups.o(i.xEventGroupCreate), (44 bytes).
    Removing event_groups.o(i.xEventGroupCreateStatic), (40 bytes).
    Removing event_groups.o(i.xEventGroupGetBitsFromISR), (24 bytes).
    Removing event_groups.o(i.xEventGroupSetBits), (174 bytes).
    Removing event_groups.o(i.xEventGroupSetBitsFromISR), (40 bytes).
    Removing event_groups.o(i.xEventGroupSync), (188 bytes).
    Removing event_groups.o(i.xEventGroupWaitBits), (224 bytes).
    Removing list.o(.rev16_text), (4 bytes).
    Removing list.o(.revsh_text), (4 bytes).
    Removing list.o(i.vListInitialiseItem), (6 bytes).
    Removing heap_4.o(.rev16_text), (4 bytes).
    Removing heap_4.o(.revsh_text), (4 bytes).
    Removing heap_4.o(i.vPortInitialiseBlocks), (2 bytes).
    Removing heap_4.o(i.xPortGetFreeHeapSize), (12 bytes).
    Removing heap_4.o(i.xPortGetMinimumEverFreeHeapSize), (12 bytes).
    Removing port.o(.rev16_text), (4 bytes).
    Removing port.o(.revsh_text), (4 bytes).
    Removing port.o(i.prvSetupTimerInterrupt), (44 bytes).
    Removing port.o(i.prvTaskExitError), (6 bytes).
    Removing port.o(i.pxPortInitialiseStack), (32 bytes).
    Removing port.o(i.vPortEndScheduler), (2 bytes).
    Removing port.o(i.xPortStartScheduler), (56 bytes).
    Removing queue.o(.rev16_text), (4 bytes).
    Removing queue.o(.revsh_text), (4 bytes).
    Removing queue.o(i.prvCopyDataFromQueue), (44 bytes).
    Removing queue.o(i.ucQueueGetQueueType), (8 bytes).
    Removing queue.o(i.uxQueueGetQueueNumber), (6 bytes).
    Removing queue.o(i.uxQueueMessagesWaiting), (18 bytes).
    Removing queue.o(i.uxQueueMessagesWaitingFromISR), (8 bytes).
    Removing queue.o(i.uxQueueSpacesAvailable), (24 bytes).
    Removing queue.o(i.vQueueSetQueueNumber), (4 bytes).
    Removing queue.o(i.vQueueWaitForMessageRestricted), (76 bytes).
    Removing queue.o(i.xQueueCreateCountingSemaphore), (40 bytes).
    Removing queue.o(i.xQueueCreateCountingSemaphoreStatic), (48 bytes).
    Removing queue.o(i.xQueueGenericSendFromISR), (136 bytes).
    Removing queue.o(i.xQueueGetMutexHolder), (30 bytes).
    Removing queue.o(i.xQueueGetMutexHolderFromISR), (16 bytes).
    Removing queue.o(i.xQueueGiveFromISR), (122 bytes).
    Removing queue.o(i.xQueueGiveMutexRecursive), (62 bytes).
    Removing queue.o(i.xQueueIsQueueEmptyFromISR), (18 bytes).
    Removing queue.o(i.xQueueIsQueueFullFromISR), (22 bytes).
    Removing queue.o(i.xQueuePeek), (260 bytes).
    Removing queue.o(i.xQueuePeekFromISR), (60 bytes).
    Removing queue.o(i.xQueueReceive), (262 bytes).
    Removing queue.o(i.xQueueReceiveFromISR), (132 bytes).
    Removing queue.o(i.xQueueTakeMutexRecursive), (66 bytes).
    Removing stream_buffer.o(.rev16_text), (4 bytes).
    Removing stream_buffer.o(.revsh_text), (4 bytes).
    Removing stream_buffer.o(i.prvBytesInBuffer), (24 bytes).
    Removing stream_buffer.o(i.prvInitialiseNewStreamBuffer), (30 bytes).
    Removing stream_buffer.o(i.prvReadBytesFromBuffer), (94 bytes).
    Removing stream_buffer.o(i.prvReadMessageFromBuffer), (72 bytes).
    Removing stream_buffer.o(i.prvWriteBytesToBuffer), (72 bytes).
    Removing stream_buffer.o(i.prvWriteMessageToBuffer), (92 bytes).
    Removing stream_buffer.o(i.ucStreamBufferGetStreamBufferType), (10 bytes).
    Removing stream_buffer.o(i.uxStreamBufferGetStreamBufferNumber), (6 bytes).
    Removing stream_buffer.o(i.vStreamBufferDelete), (40 bytes).
    Removing stream_buffer.o(i.vStreamBufferSetStreamBufferNumber), (4 bytes).
    Removing stream_buffer.o(i.xStreamBufferBytesAvailable), (18 bytes).
    Removing stream_buffer.o(i.xStreamBufferGenericCreate), (82 bytes).
    Removing stream_buffer.o(i.xStreamBufferGenericCreateStatic), (100 bytes).
    Removing stream_buffer.o(i.xStreamBufferIsEmpty), (22 bytes).
    Removing stream_buffer.o(i.xStreamBufferIsFull), (42 bytes).
    Removing stream_buffer.o(i.xStreamBufferNextMessageLengthBytes), (62 bytes).
    Removing stream_buffer.o(i.xStreamBufferReceive), (188 bytes).
    Removing stream_buffer.o(i.xStreamBufferReceiveCompletedFromISR), (54 bytes).
    Removing stream_buffer.o(i.xStreamBufferReceiveFromISR), (116 bytes).
    Removing stream_buffer.o(i.xStreamBufferReset), (60 bytes).
    Removing stream_buffer.o(i.xStreamBufferSend), (220 bytes).
    Removing stream_buffer.o(i.xStreamBufferSendCompletedFromISR), (54 bytes).
    Removing stream_buffer.o(i.xStreamBufferSendFromISR), (124 bytes).
    Removing stream_buffer.o(i.xStreamBufferSetTriggerLevel), (28 bytes).
    Removing stream_buffer.o(i.xStreamBufferSpacesAvailable), (30 bytes).
    Removing tasks.o(.rev16_text), (4 bytes).
    Removing tasks.o(.revsh_text), (4 bytes).
    Removing tasks.o(i.eTaskGetState), (128 bytes).
    Removing tasks.o(i.pcTaskGetName), (28 bytes).
    Removing tasks.o(i.prvAddNewTaskToReadyList), (188 bytes).
    Removing tasks.o(i.prvCheckTasksWaitingTermination), (72 bytes).
    Removing tasks.o(i.prvDeleteTCB), (42 bytes).
    Removing tasks.o(i.prvIdleTask), (24 bytes).
    Removing tasks.o(i.prvInitialiseNewTask), (162 bytes).
    Removing tasks.o(i.prvInitialiseTaskLists), (100 bytes).
    Removing tasks.o(i.prvListTasksWithinSingleList), (106 bytes).
    Removing tasks.o(i.prvTaskCheckFreeStackSpace), (22 bytes).
    Removing tasks.o(i.prvTaskIsTaskSuspended), (72 bytes).
    Removing tasks.o(i.ulTaskNotifyTake), (124 bytes).
    Removing tasks.o(i.uxTaskGetNumberOfTasks), (12 bytes).
    Removing tasks.o(i.uxTaskGetStackHighWaterMark), (36 bytes).
    Removing tasks.o(i.uxTaskGetSystemState), (164 bytes).
    Removing tasks.o(i.uxTaskGetTaskNumber), (16 bytes).
    Removing tasks.o(i.uxTaskPriorityGet), (36 bytes).
    Removing tasks.o(i.uxTaskPriorityGetFromISR), (40 bytes).
    Removing tasks.o(i.uxTaskResetEventItemValue), (28 bytes).
    Removing tasks.o(i.vTaskDelay), (44 bytes).
    Removing tasks.o(i.vTaskDelayUntil), (104 bytes).
    Removing tasks.o(i.vTaskDelete), (156 bytes).
    Removing tasks.o(i.vTaskEndScheduler), (20 bytes).
    Removing tasks.o(i.vTaskGetInfo), (132 bytes).
    Removing tasks.o(i.vTaskNotifyGiveFromISR), (168 bytes).
    Removing tasks.o(i.vTaskPlaceOnEventListRestricted), (56 bytes).
    Removing tasks.o(i.vTaskPlaceOnUnorderedEventList), (48 bytes).
    Removing tasks.o(i.vTaskPrioritySet), (228 bytes).
    Removing tasks.o(i.vTaskRemoveFromUnorderedEventList), (108 bytes).
    Removing tasks.o(i.vTaskResume), (124 bytes).
    Removing tasks.o(i.vTaskSetTaskNumber), (10 bytes).
    Removing tasks.o(i.vTaskSetTimeOutState), (36 bytes).
    Removing tasks.o(i.vTaskStartScheduler), (156 bytes).
    Removing tasks.o(i.vTaskSuspend), (160 bytes).
    Removing tasks.o(i.xTaskCreate), (98 bytes).
    Removing tasks.o(i.xTaskCreateStatic), (68 bytes).
    Removing tasks.o(i.xTaskGenericNotify), (204 bytes).
    Removing tasks.o(i.xTaskGenericNotifyFromISR), (252 bytes).
    Removing tasks.o(i.xTaskGetCurrentTaskHandle), (12 bytes).
    Removing tasks.o(i.xTaskGetTickCount), (12 bytes).
    Removing tasks.o(i.xTaskGetTickCountFromISR), (12 bytes).
    Removing tasks.o(i.xTaskNotifyStateClear), (56 bytes).
    Removing tasks.o(i.xTaskNotifyWait), (160 bytes).
    Removing tasks.o(i.xTaskResumeFromISR), (144 bytes).
    Removing timers.o(.rev16_text), (4 bytes).
    Removing timers.o(.revsh_text), (4 bytes).
    Removing timers.o(i.pcTimerGetName), (8 bytes).
    Removing timers.o(i.prvCheckForValidListAndQueue), (92 bytes).
    Removing timers.o(i.prvGetNextExpireTime), (44 bytes).
    Removing timers.o(i.prvInitialiseNewTimer), (64 bytes).
    Removing timers.o(i.prvInsertTimerInActiveList), (84 bytes).
    Removing timers.o(i.prvProcessExpiredTimer), (100 bytes).
    Removing timers.o(i.prvProcessReceivedCommands), (296 bytes).
    Removing timers.o(i.prvProcessTimerOrBlockTask), (108 bytes).
    Removing timers.o(i.prvSampleTimeNow), (44 bytes).
    Removing timers.o(i.prvSwitchTimerLists), (140 bytes).
    Removing timers.o(i.prvTimerTask), (26 bytes).
    Removing timers.o(i.pvTimerGetTimerID), (20 bytes).
    Removing timers.o(i.uxTimerGetTimerNumber), (6 bytes).
    Removing timers.o(i.vTimerSetReloadMode), (48 bytes).
    Removing timers.o(i.vTimerSetTimerID), (20 bytes).
    Removing timers.o(i.vTimerSetTimerNumber), (4 bytes).
    Removing timers.o(i.xTimerCreate), (50 bytes).
    Removing timers.o(i.xTimerCreateStatic), (46 bytes).
    Removing timers.o(i.xTimerCreateTimerTask), (100 bytes).
    Removing timers.o(i.xTimerGenericCommand), (116 bytes).
    Removing timers.o(i.xTimerGetExpiryTime), (8 bytes).
    Removing timers.o(i.xTimerGetPeriod), (8 bytes).
    Removing timers.o(i.xTimerGetTimerDaemonTaskHandle), (12 bytes).
    Removing timers.o(i.xTimerIsTimerActive), (36 bytes).
    Removing timers.o(i.xTimerPendFunctionCall), (64 bytes).
    Removing timers.o(i.xTimerPendFunctionCallFromISR), (64 bytes).
    Removing timers.o(.bss), (200 bytes).
    Removing timers.o(.data), (20 bytes).
    Removing cmsis_os2.o(i.__ARM_common_switch8), (28 bytes).

457 unused section(s) (total 35785 bytes) removed from the image.

==============================================================================

Image Symbol Table

    Local Symbols

    Symbol Name                              Value     Ov Type        Size  Object(Section)

    RESET                                    0x00000000   Section      192  startup_armcm0plus.o(RESET)
    ../clib/angel/rt.s                       0x00000000   Number         0  aeabi_idiv0_sigfpe.o ABSOLUTE
    ../clib/angel/rt.s                       0x00000000   Number         0  aeabi_ldiv0_sigfpe.o ABSOLUTE
    ../clib/angel/rt.s                       0x00000000   Number         0  rt_raise.o ABSOLUTE
    ../clib/angel/rt.s                       0x00000000   Number         0  aeabi_ldiv0.o ABSOLUTE
    ../clib/angel/rt.s                       0x00000000   Number         0  aeabi_idiv0.o ABSOLUTE
    ../clib/angel/rt.s                       0x00000000   Number         0  rt_div0.o ABSOLUTE
    ../clib/angel/sys.s                      0x00000000   Number         0  indicate_semi.o ABSOLUTE
    ../clib/angel/sys.s                      0x00000000   Number         0  use_no_semi.o ABSOLUTE
    ../clib/angel/sysapp.c                   0x00000000   Number         0  sys_exit.o ABSOLUTE
    ../clib/division.c                       0x00000000   Number         0  lludiv.o ABSOLUTE
    ../clib/division.c                       0x00000000   Number         0  llsdiv.o ABSOLUTE
    ../clib/division.s                       0x00000000   Number         0  aeabi_sdiv_div0.o ABSOLUTE
    ../clib/division.s                       0x00000000   Number         0  aeabi_sdiv.o ABSOLUTE
    ../clib/heapaux.c                        0x00000000   Number         0  heapauxi.o ABSOLUTE
    ../clib/memcpset.c                       0x00000000   Number         0  rt_memcpy.o ABSOLUTE
    ../clib/memcpset.c                       0x00000000   Number         0  rt_memcpy.o ABSOLUTE
    ../clib/memcpset.c                       0x00000000   Number         0  aeabi_memset.o ABSOLUTE
    ../clib/memcpset.c                       0x00000000   Number         0  rt_memclr.o ABSOLUTE
    ../clib/signal.c                         0x00000000   Number         0  defsig_exit.o ABSOLUTE
    ../clib/signal.c                         0x00000000   Number         0  defsig_fpe_formal.o ABSOLUTE
    ../clib/signal.c                         0x00000000   Number         0  defsig_fpe_outer.o ABSOLUTE
    ../clib/signal.c                         0x00000000   Number         0  defsig_segv_inner.o ABSOLUTE
    ../clib/signal.c                         0x00000000   Number         0  defsig_general.o ABSOLUTE
    ../clib/signal.c                         0x00000000   Number         0  defsig_stak_inner.o ABSOLUTE
    ../clib/signal.c                         0x00000000   Number         0  defsig_other.o ABSOLUTE
    ../clib/signal.c                         0x00000000   Number         0  defsig_rtmem_inner.o ABSOLUTE
    ../clib/signal.c                         0x00000000   Number         0  defsig_rtred_inner.o ABSOLUTE
    ../clib/signal.c                         0x00000000   Number         0  defsig_pvfn_inner.o ABSOLUTE
    ../clib/signal.c                         0x00000000   Number         0  defsig_cppl_inner.o ABSOLUTE
    ../clib/signal.c                         0x00000000   Number         0  defsig_abrt_inner.o ABSOLUTE
    ../clib/signal.c                         0x00000000   Number         0  __raise.o ABSOLUTE
    ../clib/signal.c                         0x00000000   Number         0  defsig_fpe_inner.o ABSOLUTE
    ../clib/signal.s                         0x00000000   Number         0  defsig.o ABSOLUTE
    ../clib/string.c                         0x00000000   Number         0  strcmp.o ABSOLUTE
    ../clib/unhosted.c                       0x00000000   Number         0  uwrite4.o ABSOLUTE
    ../clib/unhosted.c                       0x00000000   Number         0  uread4.o ABSOLUTE
    C:\Users\Burak\AppData\Local\Arm\Packs\ARM\CMSIS-FreeRTOS\10.2.0\CMSIS\RTOS2\FreeRTOS\Source\ARM\clib_arm.c 0x00000000   Number         0  clib_arm.o ABSOLUTE
    C:\Users\Burak\AppData\Local\Arm\Packs\ARM\CMSIS-FreeRTOS\10.2.0\CMSIS\RTOS2\FreeRTOS\Source\cmsis_os1.c 0x00000000   Number         0  cmsis_os1.o ABSOLUTE
    C:\Users\Burak\AppData\Local\Arm\Packs\ARM\CMSIS-FreeRTOS\10.2.0\CMSIS\RTOS2\FreeRTOS\Source\cmsis_os2.c 0x00000000   Number         0  cmsis_os2.o ABSOLUTE
    C:\Users\Burak\AppData\Local\Arm\Packs\ARM\CMSIS-FreeRTOS\10.2.0\CMSIS\RTOS2\FreeRTOS\Source\freertos_evr.c 0x00000000   Number         0  freertos_evr.o ABSOLUTE
    C:\Users\Burak\AppData\Local\Arm\Packs\ARM\CMSIS-FreeRTOS\10.2.0\CMSIS\RTOS2\FreeRTOS\Source\os_systick.c 0x00000000   Number         0  os_systick.o ABSOLUTE
    C:\Users\Burak\AppData\Local\Arm\Packs\ARM\CMSIS-FreeRTOS\10.2.0\Source\croutine.c 0x00000000   Number         0  croutine.o ABSOLUTE
    C:\Users\Burak\AppData\Local\Arm\Packs\ARM\CMSIS-FreeRTOS\10.2.0\Source\event_groups.c 0x00000000   Number         0  event_groups.o ABSOLUTE
    C:\Users\Burak\AppData\Local\Arm\Packs\ARM\CMSIS-FreeRTOS\10.2.0\Source\list.c 0x00000000   Number         0  list.o ABSOLUTE
    C:\Users\Burak\AppData\Local\Arm\Packs\ARM\CMSIS-FreeRTOS\10.2.0\Source\portable\MemMang\heap_4.c 0x00000000   Number         0  heap_4.o ABSOLUTE
    C:\Users\Burak\AppData\Local\Arm\Packs\ARM\CMSIS-FreeRTOS\10.2.0\Source\portable\RVDS\ARM_CM0\port.c 0x00000000   Number         0  port.o ABSOLUTE
    C:\Users\Burak\AppData\Local\Arm\Packs\ARM\CMSIS-FreeRTOS\10.2.0\Source\queue.c 0x00000000   Number         0  queue.o ABSOLUTE
    C:\Users\Burak\AppData\Local\Arm\Packs\ARM\CMSIS-FreeRTOS\10.2.0\Source\stream_buffer.c 0x00000000   Number         0  stream_buffer.o ABSOLUTE
    C:\Users\Burak\AppData\Local\Arm\Packs\ARM\CMSIS-FreeRTOS\10.2.0\Source\tasks.c 0x00000000   Number         0  tasks.o ABSOLUTE
    C:\Users\Burak\AppData\Local\Arm\Packs\ARM\CMSIS-FreeRTOS\10.2.0\Source\timers.c 0x00000000   Number         0  timers.o ABSOLUTE
    C:\Users\Burak\AppData\Local\Arm\Packs\ARM\CMSIS\5.6.0\CMSIS\NN\Source\ActivationFunctions\arm_nn_activations_q15.c 0x00000000   Number         0  arm_nn_activations_q15.o ABSOLUTE
    C:\Users\Burak\AppData\Local\Arm\Packs\ARM\CMSIS\5.6.0\CMSIS\NN\Source\ActivationFunctions\arm_nn_activations_q7.c 0x00000000   Number         0  arm_nn_activations_q7.o ABSOLUTE
    C:\Users\Burak\AppData\Local\Arm\Packs\ARM\CMSIS\5.6.0\CMSIS\NN\Source\ActivationFunctions\arm_relu_q15.c 0x00000000   Number         0  arm_relu_q15.o ABSOLUTE
    C:\Users\Burak\AppData\Local\Arm\Packs\ARM\CMSIS\5.6.0\CMSIS\NN\Source\ActivationFunctions\arm_relu_q7.c 0x00000000   Number         0  arm_relu_q7.o ABSOLUTE
    C:\Users\Burak\AppData\Local\Arm\Packs\ARM\CMSIS\5.6.0\CMSIS\NN\Source\ConvolutionFunctions\arm_convolve_1x1_HWC_q7_fast_nonsquare.c 0x00000000   Number         0  arm_convolve_1x1_hwc_q7_fast_nonsquare.o ABSOLUTE
    C:\Users\Burak\AppData\Local\Arm\Packs\ARM\CMSIS\5.6.0\CMSIS\NN\Source\ConvolutionFunctions\arm_convolve_HWC_q15_basic.c 0x00000000   Number         0  arm_convolve_hwc_q15_basic.o ABSOLUTE
    C:\Users\Burak\AppData\Local\Arm\Packs\ARM\CMSIS\5.6.0\CMSIS\NN\Source\ConvolutionFunctions\arm_convolve_HWC_q15_fast.c 0x00000000   Number         0  arm_convolve_hwc_q15_fast.o ABSOLUTE
    C:\Users\Burak\AppData\Local\Arm\Packs\ARM\CMSIS\5.6.0\CMSIS\NN\Source\ConvolutionFunctions\arm_convolve_HWC_q7_RGB.c 0x00000000   Number         0  arm_convolve_hwc_q7_rgb.o ABSOLUTE
    C:\Users\Burak\AppData\Local\Arm\Packs\ARM\CMSIS\5.6.0\CMSIS\NN\Source\ConvolutionFunctions\arm_convolve_HWC_q7_basic.c 0x00000000   Number         0  arm_convolve_hwc_q7_basic.o ABSOLUTE
    C:\Users\Burak\AppData\Local\Arm\Packs\ARM\CMSIS\5.6.0\CMSIS\NN\Source\ConvolutionFunctions\arm_convolve_HWC_q7_basic_nonsquare.c 0x00000000   Number         0  arm_convolve_hwc_q7_basic_nonsquare.o ABSOLUTE
    C:\Users\Burak\AppData\Local\Arm\Packs\ARM\CMSIS\5.6.0\CMSIS\NN\Source\ConvolutionFunctions\arm_convolve_HWC_q7_fast.c 0x00000000   Number         0  arm_convolve_hwc_q7_fast.o ABSOLUTE
    C:\Users\Burak\AppData\Local\Arm\Packs\ARM\CMSIS\5.6.0\CMSIS\NN\Source\ConvolutionFunctions\arm_convolve_HWC_q7_fast_nonsquare.c 0x00000000   Number         0  arm_convolve_hwc_q7_fast_nonsquare.o ABSOLUTE
    C:\Users\Burak\AppData\Local\Arm\Packs\ARM\CMSIS\5.6.0\CMSIS\NN\Source\ConvolutionFunctions\arm_depthwise_conv_u8_basic_ver1.c 0x00000000   Number         0  arm_depthwise_conv_u8_basic_ver1.o ABSOLUTE
    C:\Users\Burak\AppData\Local\Arm\Packs\ARM\CMSIS\5.6.0\CMSIS\NN\Source\ConvolutionFunctions\arm_depthwise_separable_conv_HWC_q7.c 0x00000000   Number         0  arm_depthwise_separable_conv_hwc_q7.o ABSOLUTE
    C:\Users\Burak\AppData\Local\Arm\Packs\ARM\CMSIS\5.6.0\CMSIS\NN\Source\ConvolutionFunctions\arm_depthwise_separable_conv_HWC_q7_nonsquare.c 0x00000000   Number         0  arm_depthwise_separable_conv_hwc_q7_nonsquare.o ABSOLUTE
    C:\Users\Burak\AppData\Local\Arm\Packs\ARM\CMSIS\5.6.0\CMSIS\NN\Source\ConvolutionFunctions\arm_nn_mat_mult_kernel_q7_q15.c 0x00000000   Number         0  arm_nn_mat_mult_kernel_q7_q15.o ABSOLUTE
    C:\Users\Burak\AppData\Local\Arm\Packs\ARM\CMSIS\5.6.0\CMSIS\NN\Source\ConvolutionFunctions\arm_nn_mat_mult_kernel_q7_q15_reordered.c 0x00000000   Number         0  arm_nn_mat_mult_kernel_q7_q15_reordered.o ABSOLUTE
    C:\Users\Burak\AppData\Local\Arm\Packs\ARM\CMSIS\5.6.0\CMSIS\NN\Source\FullyConnectedFunctions\arm_fully_connected_mat_q7_vec_q15.c 0x00000000   Number         0  arm_fully_connected_mat_q7_vec_q15.o ABSOLUTE
    C:\Users\Burak\AppData\Local\Arm\Packs\ARM\CMSIS\5.6.0\CMSIS\NN\Source\FullyConnectedFunctions\arm_fully_connected_mat_q7_vec_q15_opt.c 0x00000000   Number         0  arm_fully_connected_mat_q7_vec_q15_opt.o ABSOLUTE
    C:\Users\Burak\AppData\Local\Arm\Packs\ARM\CMSIS\5.6.0\CMSIS\NN\Source\FullyConnectedFunctions\arm_fully_connected_q15.c 0x00000000   Number         0  arm_fully_connected_q15.o ABSOLUTE
    C:\Users\Burak\AppData\Local\Arm\Packs\ARM\CMSIS\5.6.0\CMSIS\NN\Source\FullyConnectedFunctions\arm_fully_connected_q15_opt.c 0x00000000   Number         0  arm_fully_connected_q15_opt.o ABSOLUTE
    C:\Users\Burak\AppData\Local\Arm\Packs\ARM\CMSIS\5.6.0\CMSIS\NN\Source\FullyConnectedFunctions\arm_fully_connected_q7.c 0x00000000   Number         0  arm_fully_connected_q7.o ABSOLUTE
    C:\Users\Burak\AppData\Local\Arm\Packs\ARM\CMSIS\5.6.0\CMSIS\NN\Source\FullyConnectedFunctions\arm_fully_connected_q7_opt.c 0x00000000   Number         0  arm_fully_connected_q7_opt.o ABSOLUTE
    C:\Users\Burak\AppData\Local\Arm\Packs\ARM\CMSIS\5.6.0\CMSIS\NN\Source\NNSupportFunctions\arm_nn_mult_q15.c 0x00000000   Number         0  arm_nn_mult_q15.o ABSOLUTE
    C:\Users\Burak\AppData\Local\Arm\Packs\ARM\CMSIS\5.6.0\CMSIS\NN\Source\NNSupportFunctions\arm_nn_mult_q7.c 0x00000000   Number         0  arm_nn_mult_q7.o ABSOLUTE
    C:\Users\Burak\AppData\Local\Arm\Packs\ARM\CMSIS\5.6.0\CMSIS\NN\Source\NNSupportFunctions\arm_nntables.c 0x00000000   Number         0  arm_nntables.o ABSOLUTE
    C:\Users\Burak\AppData\Local\Arm\Packs\ARM\CMSIS\5.6.0\CMSIS\NN\Source\NNSupportFunctions\arm_q7_to_q15_no_shift.c 0x00000000   Number         0  arm_q7_to_q15_no_shift.o ABSOLUTE
    C:\Users\Burak\AppData\Local\Arm\Packs\ARM\CMSIS\5.6.0\CMSIS\NN\Source\NNSupportFunctions\arm_q7_to_q15_reordered_no_shift.c 0x00000000   Number         0  arm_q7_to_q15_reordered_no_shift.o ABSOLUTE
    C:\Users\Burak\AppData\Local\Arm\Packs\ARM\CMSIS\5.6.0\CMSIS\NN\Source\PoolingFunctions\arm_pool_q7_HWC.c 0x00000000   Number         0  arm_pool_q7_hwc.o ABSOLUTE
    C:\Users\Burak\AppData\Local\Arm\Packs\ARM\CMSIS\5.6.0\CMSIS\NN\Source\SoftmaxFunctions\arm_softmax_q15.c 0x00000000   Number         0  arm_softmax_q15.o ABSOLUTE
    C:\Users\Burak\AppData\Local\Arm\Packs\ARM\CMSIS\5.6.0\CMSIS\NN\Source\SoftmaxFunctions\arm_softmax_q7.c 0x00000000   Number         0  arm_softmax_q7.o ABSOLUTE
    C:\Users\Burak\AppData\Local\Arm\Packs\Keil\ARM_Compiler\1.6.1\Source\EventRecorder.c 0x00000000   Number         0  eventrecorder.o ABSOLUTE
    C:\Users\Burak\AppData\Local\Arm\Packs\Keil\ARM_Compiler\1.6.1\Source\retarget_io.c 0x00000000   Number         0  retarget_io.o ABSOLUTE
    C:\\Users\\Burak\\AppData\\Local\\Arm\\Packs\\ARM\\CMSIS-FreeRTOS\\10.2.0\\CMSIS\\RTOS2\\FreeRTOS\\Source\\ARM\\clib_arm.c 0x00000000   Number         0  clib_arm.o ABSOLUTE
    C:\\Users\\Burak\\AppData\\Local\\Arm\\Packs\\ARM\\CMSIS-FreeRTOS\\10.2.0\\CMSIS\\RTOS2\\FreeRTOS\\Source\\cmsis_os1.c 0x00000000   Number         0  cmsis_os1.o ABSOLUTE
    C:\\Users\\Burak\\AppData\\Local\\Arm\\Packs\\ARM\\CMSIS-FreeRTOS\\10.2.0\\CMSIS\\RTOS2\\FreeRTOS\\Source\\cmsis_os2.c 0x00000000   Number         0  cmsis_os2.o ABSOLUTE
    C:\\Users\\Burak\\AppData\\Local\\Arm\\Packs\\ARM\\CMSIS-FreeRTOS\\10.2.0\\CMSIS\\RTOS2\\FreeRTOS\\Source\\freertos_evr.c 0x00000000   Number         0  freertos_evr.o ABSOLUTE
    C:\\Users\\Burak\\AppData\\Local\\Arm\\Packs\\ARM\\CMSIS-FreeRTOS\\10.2.0\\CMSIS\\RTOS2\\FreeRTOS\\Source\\os_systick.c 0x00000000   Number         0  os_systick.o ABSOLUTE
    C:\\Users\\Burak\\AppData\\Local\\Arm\\Packs\\ARM\\CMSIS-FreeRTOS\\10.2.0\\Source\\croutine.c 0x00000000   Number         0  croutine.o ABSOLUTE
    C:\\Users\\Burak\\AppData\\Local\\Arm\\Packs\\ARM\\CMSIS-FreeRTOS\\10.2.0\\Source\\event_groups.c 0x00000000   Number         0  event_groups.o ABSOLUTE
    C:\\Users\\Burak\\AppData\\Local\\Arm\\Packs\\ARM\\CMSIS-FreeRTOS\\10.2.0\\Source\\list.c 0x00000000   Number         0  list.o ABSOLUTE
    C:\\Users\\Burak\\AppData\\Local\\Arm\\Packs\\ARM\\CMSIS-FreeRTOS\\10.2.0\\Source\\portable\\MemMang\\heap_4.c 0x00000000   Number         0  heap_4.o ABSOLUTE
    C:\\Users\\Burak\\AppData\\Local\\Arm\\Packs\\ARM\\CMSIS-FreeRTOS\\10.2.0\\Source\\portable\\RVDS\\ARM_CM0\\port.c 0x00000000   Number         0  port.o ABSOLUTE
    C:\\Users\\Burak\\AppData\\Local\\Arm\\Packs\\ARM\\CMSIS-FreeRTOS\\10.2.0\\Source\\queue.c 0x00000000   Number         0  queue.o ABSOLUTE
    C:\\Users\\Burak\\AppData\\Local\\Arm\\Packs\\ARM\\CMSIS-FreeRTOS\\10.2.0\\Source\\stream_buffer.c 0x00000000   Number         0  stream_buffer.o ABSOLUTE
    C:\\Users\\Burak\\AppData\\Local\\Arm\\Packs\\ARM\\CMSIS-FreeRTOS\\10.2.0\\Source\\tasks.c 0x00000000   Number         0  tasks.o ABSOLUTE
    C:\\Users\\Burak\\AppData\\Local\\Arm\\Packs\\ARM\\CMSIS-FreeRTOS\\10.2.0\\Source\\timers.c 0x00000000   Number         0  timers.o ABSOLUTE
    C:\\Users\\Burak\\AppData\\Local\\Arm\\Packs\\ARM\\CMSIS\\5.6.0\\CMSIS\\NN\\Source\\ActivationFunctions\\arm_nn_activations_q15.c 0x00000000   Number         0  arm_nn_activations_q15.o ABSOLUTE
    C:\\Users\\Burak\\AppData\\Local\\Arm\\Packs\\ARM\\CMSIS\\5.6.0\\CMSIS\\NN\\Source\\ActivationFunctions\\arm_nn_activations_q7.c 0x00000000   Number         0  arm_nn_activations_q7.o ABSOLUTE
    C:\\Users\\Burak\\AppData\\Local\\Arm\\Packs\\ARM\\CMSIS\\5.6.0\\CMSIS\\NN\\Source\\ActivationFunctions\\arm_relu_q15.c 0x00000000   Number         0  arm_relu_q15.o ABSOLUTE
    C:\\Users\\Burak\\AppData\\Local\\Arm\\Packs\\ARM\\CMSIS\\5.6.0\\CMSIS\\NN\\Source\\ActivationFunctions\\arm_relu_q7.c 0x00000000   Number         0  arm_relu_q7.o ABSOLUTE
    C:\\Users\\Burak\\AppData\\Local\\Arm\\Packs\\ARM\\CMSIS\\5.6.0\\CMSIS\\NN\\Source\\ConvolutionFunctions\\arm_convolve_1x1_HWC_q7_fast_nonsquare.c 0x00000000   Number         0  arm_convolve_1x1_hwc_q7_fast_nonsquare.o ABSOLUTE
    C:\\Users\\Burak\\AppData\\Local\\Arm\\Packs\\ARM\\CMSIS\\5.6.0\\CMSIS\\NN\\Source\\ConvolutionFunctions\\arm_convolve_HWC_q15_basic.c 0x00000000   Number         0  arm_convolve_hwc_q15_basic.o ABSOLUTE
    C:\\Users\\Burak\\AppData\\Local\\Arm\\Packs\\ARM\\CMSIS\\5.6.0\\CMSIS\\NN\\Source\\ConvolutionFunctions\\arm_convolve_HWC_q15_fast.c 0x00000000   Number         0  arm_convolve_hwc_q15_fast.o ABSOLUTE
    C:\\Users\\Burak\\AppData\\Local\\Arm\\Packs\\ARM\\CMSIS\\5.6.0\\CMSIS\\NN\\Source\\ConvolutionFunctions\\arm_convolve_HWC_q7_RGB.c 0x00000000   Number         0  arm_convolve_hwc_q7_rgb.o ABSOLUTE
    C:\\Users\\Burak\\AppData\\Local\\Arm\\Packs\\ARM\\CMSIS\\5.6.0\\CMSIS\\NN\\Source\\ConvolutionFunctions\\arm_convolve_HWC_q7_basic.c 0x00000000   Number         0  arm_convolve_hwc_q7_basic.o ABSOLUTE
    C:\\Users\\Burak\\AppData\\Local\\Arm\\Packs\\ARM\\CMSIS\\5.6.0\\CMSIS\\NN\\Source\\ConvolutionFunctions\\arm_convolve_HWC_q7_basic_nonsquare.c 0x00000000   Number         0  arm_convolve_hwc_q7_basic_nonsquare.o ABSOLUTE
    C:\\Users\\Burak\\AppData\\Local\\Arm\\Packs\\ARM\\CMSIS\\5.6.0\\CMSIS\\NN\\Source\\ConvolutionFunctions\\arm_convolve_HWC_q7_fast.c 0x00000000   Number         0  arm_convolve_hwc_q7_fast.o ABSOLUTE
    C:\\Users\\Burak\\AppData\\Local\\Arm\\Packs\\ARM\\CMSIS\\5.6.0\\CMSIS\\NN\\Source\\ConvolutionFunctions\\arm_convolve_HWC_q7_fast_nonsquare.c 0x00000000   Number         0  arm_convolve_hwc_q7_fast_nonsquare.o ABSOLUTE
    C:\\Users\\Burak\\AppData\\Local\\Arm\\Packs\\ARM\\CMSIS\\5.6.0\\CMSIS\\NN\\Source\\ConvolutionFunctions\\arm_depthwise_conv_u8_basic_ver1.c 0x00000000   Number         0  arm_depthwise_conv_u8_basic_ver1.o ABSOLUTE
    C:\\Users\\Burak\\AppData\\Local\\Arm\\Packs\\ARM\\CMSIS\\5.6.0\\CMSIS\\NN\\Source\\ConvolutionFunctions\\arm_depthwise_separable_conv_HWC_q7.c 0x00000000   Number         0  arm_depthwise_separable_conv_hwc_q7.o ABSOLUTE
    C:\\Users\\Burak\\AppData\\Local\\Arm\\Packs\\ARM\\CMSIS\\5.6.0\\CMSIS\\NN\\Source\\ConvolutionFunctions\\arm_depthwise_separable_conv_HWC_q7_nonsquare.c 0x00000000   Number         0  arm_depthwise_separable_conv_hwc_q7_nonsquare.o ABSOLUTE
    C:\\Users\\Burak\\AppData\\Local\\Arm\\Packs\\ARM\\CMSIS\\5.6.0\\CMSIS\\NN\\Source\\ConvolutionFunctions\\arm_nn_mat_mult_kernel_q7_q15.c 0x00000000   Number         0  arm_nn_mat_mult_kernel_q7_q15.o ABSOLUTE
    C:\\Users\\Burak\\AppData\\Local\\Arm\\Packs\\ARM\\CMSIS\\5.6.0\\CMSIS\\NN\\Source\\ConvolutionFunctions\\arm_nn_mat_mult_kernel_q7_q15_reordered.c 0x00000000   Number         0  arm_nn_mat_mult_kernel_q7_q15_reordered.o ABSOLUTE
    C:\\Users\\Burak\\AppData\\Local\\Arm\\Packs\\ARM\\CMSIS\\5.6.0\\CMSIS\\NN\\Source\\FullyConnectedFunctions\\arm_fully_connected_mat_q7_vec_q15.c 0x00000000   Number         0  arm_fully_connected_mat_q7_vec_q15.o ABSOLUTE
    C:\\Users\\Burak\\AppData\\Local\\Arm\\Packs\\ARM\\CMSIS\\5.6.0\\CMSIS\\NN\\Source\\FullyConnectedFunctions\\arm_fully_connected_mat_q7_vec_q15_opt.c 0x00000000   Number         0  arm_fully_connected_mat_q7_vec_q15_opt.o ABSOLUTE
    C:\\Users\\Burak\\AppData\\Local\\Arm\\Packs\\ARM\\CMSIS\\5.6.0\\CMSIS\\NN\\Source\\FullyConnectedFunctions\\arm_fully_connected_q15.c 0x00000000   Number         0  arm_fully_connected_q15.o ABSOLUTE
    C:\\Users\\Burak\\AppData\\Local\\Arm\\Packs\\ARM\\CMSIS\\5.6.0\\CMSIS\\NN\\Source\\FullyConnectedFunctions\\arm_fully_connected_q15_opt.c 0x00000000   Number         0  arm_fully_connected_q15_opt.o ABSOLUTE
    C:\\Users\\Burak\\AppData\\Local\\Arm\\Packs\\ARM\\CMSIS\\5.6.0\\CMSIS\\NN\\Source\\FullyConnectedFunctions\\arm_fully_connected_q7.c 0x00000000   Number         0  arm_fully_connected_q7.o ABSOLUTE
    C:\\Users\\Burak\\AppData\\Local\\Arm\\Packs\\ARM\\CMSIS\\5.6.0\\CMSIS\\NN\\Source\\FullyConnectedFunctions\\arm_fully_connected_q7_opt.c 0x00000000   Number         0  arm_fully_connected_q7_opt.o ABSOLUTE
    C:\\Users\\Burak\\AppData\\Local\\Arm\\Packs\\ARM\\CMSIS\\5.6.0\\CMSIS\\NN\\Source\\NNSupportFunctions\\arm_nn_mult_q15.c 0x00000000   Number         0  arm_nn_mult_q15.o ABSOLUTE
    C:\\Users\\Burak\\AppData\\Local\\Arm\\Packs\\ARM\\CMSIS\\5.6.0\\CMSIS\\NN\\Source\\NNSupportFunctions\\arm_nn_mult_q7.c 0x00000000   Number         0  arm_nn_mult_q7.o ABSOLUTE
    C:\\Users\\Burak\\AppData\\Local\\Arm\\Packs\\ARM\\CMSIS\\5.6.0\\CMSIS\\NN\\Source\\NNSupportFunctions\\arm_nntables.c 0x00000000   Number         0  arm_nntables.o ABSOLUTE
    C:\\Users\\Burak\\AppData\\Local\\Arm\\Packs\\ARM\\CMSIS\\5.6.0\\CMSIS\\NN\\Source\\NNSupportFunctions\\arm_q7_to_q15_no_shift.c 0x00000000   Number         0  arm_q7_to_q15_no_shift.o ABSOLUTE
    C:\\Users\\Burak\\AppData\\Local\\Arm\\Packs\\ARM\\CMSIS\\5.6.0\\CMSIS\\NN\\Source\\NNSupportFunctions\\arm_q7_to_q15_reordered_no_shift.c 0x00000000   Number         0  arm_q7_to_q15_reordered_no_shift.o ABSOLUTE
    C:\\Users\\Burak\\AppData\\Local\\Arm\\Packs\\ARM\\CMSIS\\5.6.0\\CMSIS\\NN\\Source\\PoolingFunctions\\arm_pool_q7_HWC.c 0x00000000   Number         0  arm_pool_q7_hwc.o ABSOLUTE
    C:\\Users\\Burak\\AppData\\Local\\Arm\\Packs\\ARM\\CMSIS\\5.6.0\\CMSIS\\NN\\Source\\SoftmaxFunctions\\arm_softmax_q15.c 0x00000000   Number         0  arm_softmax_q15.o ABSOLUTE
    C:\\Users\\Burak\\AppData\\Local\\Arm\\Packs\\ARM\\CMSIS\\5.6.0\\CMSIS\\NN\\Source\\SoftmaxFunctions\\arm_softmax_q7.c 0x00000000   Number         0  arm_softmax_q7.o ABSOLUTE
    C:\\Users\\Burak\\AppData\\Local\\Arm\\Packs\\Keil\\ARM_Compiler\\1.6.1\\Source\\EventRecorder.c 0x00000000   Number         0  eventrecorder.o ABSOLUTE
    RTE\Device\ARMCM0P\startup_ARMCM0plus.s  0x00000000   Number         0  startup_armcm0plus.o ABSOLUTE
    RTE\Device\ARMCM0P\system_ARMCM0plus.c   0x00000000   Number         0  system_armcm0plus.o ABSOLUTE
    RTE\\Device\\ARMCM0P\\system_ARMCM0plus.c 0x00000000   Number         0  system_armcm0plus.o ABSOLUTE
    assembly_file.s                          0x00000000   Number         0  assembly_file.o ABSOLUTE
    dc.s                                     0x00000000   Number         0  dc.o ABSOLUTE
    .emb_text                                0x000000c0   Section      120  port.o(.emb_text)
    .emb_text                                0x00000138   Section       56  rt_memcpy.o(.emb_text)
    .text                                    0x00000170   Section       48  startup_armcm0plus.o(.text)
    .text                                    0x000001a0   Section        0  rt_memcpy.o(.text)
    .text                                    0x00000222   Section        0  heapauxi.o(.text)
    i.EventCheckFilter                       0x00000228   Section        0  eventrecorder.o(i.EventCheckFilter)
    EventCheckFilter                         0x00000229   Thumb Code    34  eventrecorder.o(i.EventCheckFilter)
    i.EventGetTS                             0x00000254   Section        0  eventrecorder.o(i.EventGetTS)
    EventGetTS                               0x00000255   Thumb Code    90  eventrecorder.o(i.EventGetTS)
    i.EventRecord2                           0x000002b4   Section        0  eventrecorder.o(i.EventRecord2)
    i.EventRecordItem                        0x00000300   Section        0  eventrecorder.o(i.EventRecordItem)
    EventRecordItem                          0x00000301   Thumb Code   298  eventrecorder.o(i.EventRecordItem)
    i.EventRecorderTimerGetCount             0x00000434   Section        0  eventrecorder.o(i.EventRecorderTimerGetCount)
    i.EvrFreeRTOSHeap_Free                   0x00000448   Section        0  freertos_evr.o(i.EvrFreeRTOSHeap_Free)
    i.EvrFreeRTOSHeap_Malloc                 0x00000460   Section        0  freertos_evr.o(i.EvrFreeRTOSHeap_Malloc)
    i.EvrFreeRTOSQueue_BlockingOnQueueReceive 0x00000474   Section        0  freertos_evr.o(i.EvrFreeRTOSQueue_BlockingOnQueueReceive)
    i.EvrFreeRTOSQueue_BlockingOnQueueSend   0x00000488   Section        0  freertos_evr.o(i.EvrFreeRTOSQueue_BlockingOnQueueSend)
    i.EvrFreeRTOSQueue_CreateMutex           0x0000049c   Section        0  freertos_evr.o(i.EvrFreeRTOSQueue_CreateMutex)
    i.EvrFreeRTOSQueue_CreateMutexFailed     0x000004b0   Section        0  freertos_evr.o(i.EvrFreeRTOSQueue_CreateMutexFailed)
    i.EvrFreeRTOSQueue_QueueCreate           0x000004c4   Section        0  freertos_evr.o(i.EvrFreeRTOSQueue_QueueCreate)
    i.EvrFreeRTOSQueue_QueueCreateFailed     0x000004d8   Section        0  freertos_evr.o(i.EvrFreeRTOSQueue_QueueCreateFailed)
    i.EvrFreeRTOSQueue_QueueDelete           0x000004ec   Section        0  freertos_evr.o(i.EvrFreeRTOSQueue_QueueDelete)
    i.EvrFreeRTOSQueue_QueueReceive          0x00000500   Section        0  freertos_evr.o(i.EvrFreeRTOSQueue_QueueReceive)
    i.EvrFreeRTOSQueue_QueueReceiveFailed    0x00000514   Section        0  freertos_evr.o(i.EvrFreeRTOSQueue_QueueReceiveFailed)
    i.EvrFreeRTOSQueue_QueueSend             0x00000528   Section        0  freertos_evr.o(i.EvrFreeRTOSQueue_QueueSend)
    i.EvrFreeRTOSQueue_QueueSendFailed       0x0000053c   Section        0  freertos_evr.o(i.EvrFreeRTOSQueue_QueueSendFailed)
    i.EvrFreeRTOSTasks_MovedTaskToReadyState 0x00000550   Section        0  freertos_evr.o(i.EvrFreeRTOSTasks_MovedTaskToReadyState)
    i.EvrFreeRTOSTasks_PostMovedTaskToReadyState 0x00000564   Section        0  freertos_evr.o(i.EvrFreeRTOSTasks_PostMovedTaskToReadyState)
    i.EvrFreeRTOSTasks_TaskIncrementTick     0x00000578   Section        0  freertos_evr.o(i.EvrFreeRTOSTasks_TaskIncrementTick)
    i.EvrFreeRTOSTasks_TaskPriorityDisinherit 0x0000058c   Section        0  freertos_evr.o(i.EvrFreeRTOSTasks_TaskPriorityDisinherit)
    i.EvrFreeRTOSTasks_TaskPriorityInherit   0x000005a4   Section        0  freertos_evr.o(i.EvrFreeRTOSTasks_TaskPriorityInherit)
    i.EvrFreeRTOSTasks_TaskSwitchedIn        0x000005bc   Section        0  freertos_evr.o(i.EvrFreeRTOSTasks_TaskSwitchedIn)
    i.EvrFreeRTOSTasks_TaskSwitchedOut       0x000005d4   Section        0  freertos_evr.o(i.EvrFreeRTOSTasks_TaskSwitchedOut)
    i.SVC_Handler                            0x000005e8   Section        0  port.o(i.SVC_Handler)
    i.SysTick_Handler                        0x000005ec   Section        0  cmsis_os2.o(i.SysTick_Handler)
    i.SystemInit                             0x00000604   Section        0  system_armcm0plus.o(i.SystemInit)
    i.__get_PRIMASK                          0x00000614   Section        0  eventrecorder.o(i.__get_PRIMASK)
    __get_PRIMASK                            0x00000615   Thumb Code     6  eventrecorder.o(i.__get_PRIMASK)
    i._mutex_acquire                         0x0000061a   Section        0  clib_arm.o(i._mutex_acquire)
    __tagsym$$used                           0x0000061b   Number         0  clib_arm.o(i._mutex_acquire)
    i._mutex_free                            0x00000634   Section        0  clib_arm.o(i._mutex_free)
    __tagsym$$used                           0x00000635   Number         0  clib_arm.o(i._mutex_free)
    i._mutex_initialize                      0x00000664   Section        0  clib_arm.o(i._mutex_initialize)
    __tagsym$$used                           0x00000665   Number         0  clib_arm.o(i._mutex_initialize)
    i._mutex_release                         0x000006c4   Section        0  clib_arm.o(i._mutex_release)
    __tagsym$$used                           0x000006c5   Number         0  clib_arm.o(i._mutex_release)
    i.atomic_inc32                           0x000006de   Section        0  eventrecorder.o(i.atomic_inc32)
    atomic_inc32                             0x000006df   Thumb Code    28  eventrecorder.o(i.atomic_inc32)
    i.os_kernel_is_active                    0x000006fc   Section        0  clib_arm.o(i.os_kernel_is_active)
    os_kernel_is_active                      0x000006fd   Thumb Code    34  clib_arm.o(i.os_kernel_is_active)
    i.prvAddCurrentTaskToDelayedList         0x00000724   Section        0  tasks.o(i.prvAddCurrentTaskToDelayedList)
    prvAddCurrentTaskToDelayedList           0x00000725   Thumb Code   100  tasks.o(i.prvAddCurrentTaskToDelayedList)
    i.prvCopyDataToQueue                     0x000007a0   Section        0  queue.o(i.prvCopyDataToQueue)
    prvCopyDataToQueue                       0x000007a1   Thumb Code   128  queue.o(i.prvCopyDataToQueue)
    i.prvGetDisinheritPriorityAfterTimeout   0x00000820   Section        0  queue.o(i.prvGetDisinheritPriorityAfterTimeout)
    prvGetDisinheritPriorityAfterTimeout     0x00000821   Thumb Code    22  queue.o(i.prvGetDisinheritPriorityAfterTimeout)
    i.prvHeapInit                            0x00000838   Section        0  heap_4.o(i.prvHeapInit)
    prvHeapInit                              0x00000839   Thumb Code   100  heap_4.o(i.prvHeapInit)
    i.prvInitialiseMutex                     0x000008b4   Section        0  queue.o(i.prvInitialiseMutex)
    prvInitialiseMutex                       0x000008b5   Thumb Code    44  queue.o(i.prvInitialiseMutex)
    i.prvInitialiseNewQueue                  0x000008e0   Section        0  queue.o(i.prvInitialiseNewQueue)
    prvInitialiseNewQueue                    0x000008e1   Thumb Code    50  queue.o(i.prvInitialiseNewQueue)
    i.prvInsertBlockIntoFreeList             0x00000914   Section        0  heap_4.o(i.prvInsertBlockIntoFreeList)
    prvInsertBlockIntoFreeList               0x00000915   Thumb Code    96  heap_4.o(i.prvInsertBlockIntoFreeList)
    i.prvIsQueueEmpty                        0x0000097c   Section        0  queue.o(i.prvIsQueueEmpty)
    prvIsQueueEmpty                          0x0000097d   Thumb Code    28  queue.o(i.prvIsQueueEmpty)
    i.prvIsQueueFull                         0x00000998   Section        0  queue.o(i.prvIsQueueFull)
    prvIsQueueFull                           0x00000999   Thumb Code    30  queue.o(i.prvIsQueueFull)
    i.prvResetNextTaskUnblockTime            0x000009b8   Section        0  tasks.o(i.prvResetNextTaskUnblockTime)
    prvResetNextTaskUnblockTime              0x000009b9   Thumb Code    46  tasks.o(i.prvResetNextTaskUnblockTime)
    i.prvUnlockQueue                         0x000009f0   Section        0  queue.o(i.prvUnlockQueue)
    prvUnlockQueue                           0x000009f1   Thumb Code   142  queue.o(i.prvUnlockQueue)
    i.pvPortMalloc                           0x00000a80   Section        0  heap_4.o(i.pvPortMalloc)
    i.pvTaskIncrementMutexHeldCount          0x00000b5c   Section        0  tasks.o(i.pvTaskIncrementMutexHeldCount)
    i.uxListRemove                           0x00000b7c   Section        0  list.o(i.uxListRemove)
    i.vApplicationStackOverflowHook          0x00000ba4   Section        0  cmsis_os2.o(i.vApplicationStackOverflowHook)
    i.vListInitialise                        0x00000ba6   Section        0  list.o(i.vListInitialise)
    i.vListInsert                            0x00000bc0   Section        0  list.o(i.vListInsert)
    i.vListInsertEnd                         0x00000bf6   Section        0  list.o(i.vListInsertEnd)
    i.vPortEnterCritical                     0x00000c10   Section        0  port.o(i.vPortEnterCritical)
    i.vPortExitCritical                      0x00000c2c   Section        0  port.o(i.vPortExitCritical)
    i.vPortFree                              0x00000c48   Section        0  heap_4.o(i.vPortFree)
    i.vPortYield                             0x00000ca0   Section        0  port.o(i.vPortYield)
    i.vQueueDelete                           0x00000cb8   Section        0  queue.o(i.vQueueDelete)
    i.vTaskInternalSetTimeOutState           0x00000cd4   Section        0  tasks.o(i.vTaskInternalSetTimeOutState)
    i.vTaskMissedYield                       0x00000cec   Section        0  tasks.o(i.vTaskMissedYield)
    i.vTaskPlaceOnEventList                  0x00000cf8   Section        0  tasks.o(i.vTaskPlaceOnEventList)
    i.vTaskPriorityDisinheritAfterTimeout    0x00000d18   Section        0  tasks.o(i.vTaskPriorityDisinheritAfterTimeout)
    i.vTaskSuspendAll                        0x00000db4   Section        0  tasks.o(i.vTaskSuspendAll)
    i.vTaskSwitchContext                     0x00000dc4   Section        0  tasks.o(i.vTaskSwitchContext)
    i.xPortSysTickHandler                    0x00000e80   Section        0  port.o(i.xPortSysTickHandler)
    i.xQueueCreateMutex                      0x00000ea4   Section        0  queue.o(i.xQueueCreateMutex)
    i.xQueueCreateMutexStatic                0x00000ec2   Section        0  queue.o(i.xQueueCreateMutexStatic)
    i.xQueueGenericCreate                    0x00000ee8   Section        0  queue.o(i.xQueueGenericCreate)
    i.xQueueGenericCreateStatic              0x00000f38   Section        0  queue.o(i.xQueueGenericCreateStatic)
    i.xQueueGenericReset                     0x00000f6a   Section        0  queue.o(i.xQueueGenericReset)
    i.xQueueGenericSend                      0x00000fe2   Section        0  queue.o(i.xQueueGenericSend)
    i.xQueueSemaphoreTake                    0x000010f6   Section        0  queue.o(i.xQueueSemaphoreTake)
    i.xTaskCheckForTimeOut                   0x00001238   Section        0  tasks.o(i.xTaskCheckForTimeOut)
    i.xTaskGetSchedulerState                 0x00001298   Section        0  tasks.o(i.xTaskGetSchedulerState)
    i.xTaskIncrementTick                     0x000012bc   Section        0  tasks.o(i.xTaskIncrementTick)
    i.xTaskPriorityDisinherit                0x000013f0   Section        0  tasks.o(i.xTaskPriorityDisinherit)
    i.xTaskPriorityInherit                   0x00001464   Section        0  tasks.o(i.xTaskPriorityInherit)
    i.xTaskRemoveFromEventList               0x00001520   Section        0  tasks.o(i.xTaskRemoveFromEventList)
    i.xTaskResumeAll                         0x000015ac   Section        0  tasks.o(i.xTaskResumeAll)
    test_array                               0x00001698   Section       68  assembly_file.o(test_array)
    .constdata                               0x000016dc   Section       24  eventrecorder.o(.constdata)
    __tagsym$$used                           0x000016dc   Number         0  eventrecorder.o(.constdata)
    .data                                    0x20000000   Section        1  clib_arm.o(.data)
    os_kernel_active                         0x20000000   Data           1  clib_arm.o(.data)
    .data                                    0x20000004   Section        4  system_armcm0plus.o(.data)
    .data                                    0x20000008   Section       24  heap_4.o(.data)
    xStart                                   0x20000008   Data           8  heap_4.o(.data)
    pxEnd                                    0x20000010   Data           4  heap_4.o(.data)
    xFreeBytesRemaining                      0x20000014   Data           4  heap_4.o(.data)
    xMinimumEverFreeBytesRemaining           0x20000018   Data           4  heap_4.o(.data)
    xBlockAllocatedBit                       0x2000001c   Data           4  heap_4.o(.data)
    .data                                    0x20000020   Section        4  port.o(.data)
    uxCriticalNesting                        0x20000020   Data           4  port.o(.data)
    .data                                    0x20000024   Section       60  tasks.o(.data)
    pxDelayedTaskList                        0x20000028   Data           4  tasks.o(.data)
    pxOverflowDelayedTaskList                0x2000002c   Data           4  tasks.o(.data)
    uxDeletedTasksWaitingCleanUp             0x20000030   Data           4  tasks.o(.data)
    uxCurrentNumberOfTasks                   0x20000034   Data           4  tasks.o(.data)
    xTickCount                               0x20000038   Data           4  tasks.o(.data)
    uxTopReadyPriority                       0x2000003c   Data           4  tasks.o(.data)
    xSchedulerRunning                        0x20000040   Data           4  tasks.o(.data)
    uxPendedTicks                            0x20000044   Data           4  tasks.o(.data)
    xYieldPending                            0x20000048   Data           4  tasks.o(.data)
    xNumOfOverflows                          0x2000004c   Data           4  tasks.o(.data)
    uxTaskNumber                             0x20000050   Data           4  tasks.o(.data)
    xNextTaskUnblockTime                     0x20000054   Data           4  tasks.o(.data)
    xIdleTaskHandle                          0x20000058   Data           4  tasks.o(.data)
    uxSchedulerSuspended                     0x2000005c   Data           4  tasks.o(.data)
    NEW_ARRAY                                0x20000060   Section       10  assembly_file.o(NEW_ARRAY)
    Array_Mem                                0x20000060   Data          10  assembly_file.o(NEW_ARRAY)
    .bss                                     0x2000006c   Section      916  clib_arm.o(.bss)
    os_libspace                              0x2000006c   Data         480  clib_arm.o(.bss)
    os_libspace_id                           0x2000024c   Data          16  clib_arm.o(.bss)
    clib_mutex_cb                            0x2000025c   Data         400  clib_arm.o(.bss)
    clib_mutex_id                            0x200003ec   Data          20  clib_arm.o(.bss)
    .bss                                     0x20000400   Section     8192  heap_4.o(.bss)
    ucHeap                                   0x20000400   Data        8192  heap_4.o(.bss)
    .bss                                     0x20002400   Section     1220  tasks.o(.bss)
    pxReadyTasksLists                        0x20002400   Data        1120  tasks.o(.bss)
    xDelayedTaskList1                        0x20002860   Data          20  tasks.o(.bss)
    xDelayedTaskList2                        0x20002874   Data          20  tasks.o(.bss)
    xPendingReadyList                        0x20002888   Data          20  tasks.o(.bss)
    xTasksWaitingTermination                 0x2000289c   Data          20  tasks.o(.bss)
    xSuspendedTaskList                       0x200028b0   Data          20  tasks.o(.bss)
    .bss.noinit                              0x20002900   Section     1192  eventrecorder.o(.bss.noinit)
    EventBuffer                              0x20002900   Data        1024  eventrecorder.o(.bss.noinit)
    EventFilter                              0x20002d00   Data         128  eventrecorder.o(.bss.noinit)
    EventStatus                              0x20002d80   Data          36  eventrecorder.o(.bss.noinit)
    TimeStamp                                0x20002da4   Data           4  eventrecorder.o(.bss.noinit)
    STACK                                    0x20002da8   Section     1024  startup_armcm0plus.o(STACK)

    Global Symbols

    Symbol Name                              Value     Ov Type        Size  Object(Section)

    BuildAttributes$$THM_ISAv3M$S$PE$A:L22$X:L11$S22$IEEE1$IW$USESV6$~STKCKD$USESV7$~SHL$OSPACE$ROPI$EBA8$STANDARDLIB$REQ8$PRES8$EABIv2 0x00000000   Number         0  anon$$obj.o ABSOLUTE
    __Vectors                                0x00000000   Data           4  startup_armcm0plus.o(RESET)
    __sigvec_lookup                           - Undefined Weak Reference
    __Vectors_End                            0x000000c0   Data           0  startup_armcm0plus.o(RESET)
    __Vectors_Size                           0x000000c0   Number         0  startup_armcm0plus.o ABSOLUTE
    __asm___6_port_c_39a90d8d__prvPortStartFirstTask 0x000000c1   Thumb Code    36  port.o(.emb_text)
    ulSetInterruptMaskFromISR                0x000000e9   Thumb Code     8  port.o(.emb_text)
    vClearInterruptMaskFromISR               0x000000f1   Thumb Code     6  port.o(.emb_text)
    PendSV_Handler                           0x000000f7   Thumb Code    62  port.o(.emb_text)
    __aeabi_memcpy4                          0x00000139   Thumb Code    56  rt_memcpy.o(.emb_text)
    __aeabi_memcpy8                          0x00000139   Thumb Code     0  rt_memcpy.o(.emb_text)
    Reset_Handler                            0x00000171   Thumb Code     8  startup_armcm0plus.o(.text)
    NMI_Handler                              0x00000179   Thumb Code     2  startup_armcm0plus.o(.text)
    HardFault_Handler                        0x0000017b   Thumb Code     2  startup_armcm0plus.o(.text)
    Interrupt0_Handler                       0x00000183   Thumb Code     2  startup_armcm0plus.o(.text)
    Interrupt1_Handler                       0x00000185   Thumb Code     2  startup_armcm0plus.o(.text)
    Interrupt2_Handler                       0x00000187   Thumb Code     2  startup_armcm0plus.o(.text)
    Interrupt3_Handler                       0x00000189   Thumb Code     2  startup_armcm0plus.o(.text)
    Interrupt4_Handler                       0x0000018b   Thumb Code     2  startup_armcm0plus.o(.text)
    Interrupt5_Handler                       0x0000018d   Thumb Code     2  startup_armcm0plus.o(.text)
    Interrupt6_Handler                       0x0000018f   Thumb Code     2  startup_armcm0plus.o(.text)
    Interrupt7_Handler                       0x00000191   Thumb Code     2  startup_armcm0plus.o(.text)
    Interrupt8_Handler                       0x00000193   Thumb Code     2  startup_armcm0plus.o(.text)
    Interrupt9_Handler                       0x00000195   Thumb Code     2  startup_armcm0plus.o(.text)
    __aeabi_memcpy                           0x000001a1   Thumb Code   130  rt_memcpy.o(.text)
    __rt_memcpy                              0x000001a1   Thumb Code     0  rt_memcpy.o(.text)
    __use_two_region_memory                  0x00000223   Thumb Code     2  heapauxi.o(.text)
    __rt_heap_escrow$2region                 0x00000225   Thumb Code     2  heapauxi.o(.text)
    __rt_heap_expand$2region                 0x00000227   Thumb Code     2  heapauxi.o(.text)
    EventRecord2                             0x000002b5   Thumb Code    76  eventrecorder.o(i.EventRecord2)
    EventRecorderTimerGetCount               0x00000435   Thumb Code    16  eventrecorder.o(i.EventRecorderTimerGetCount)
    EvrFreeRTOSHeap_Free                     0x00000449   Thumb Code    18  freertos_evr.o(i.EvrFreeRTOSHeap_Free)
    EvrFreeRTOSHeap_Malloc                   0x00000461   Thumb Code    20  freertos_evr.o(i.EvrFreeRTOSHeap_Malloc)
    EvrFreeRTOSQueue_BlockingOnQueueReceive  0x00000475   Thumb Code    16  freertos_evr.o(i.EvrFreeRTOSQueue_BlockingOnQueueReceive)
    EvrFreeRTOSQueue_BlockingOnQueueSend     0x00000489   Thumb Code    16  freertos_evr.o(i.EvrFreeRTOSQueue_BlockingOnQueueSend)
    EvrFreeRTOSQueue_CreateMutex             0x0000049d   Thumb Code    16  freertos_evr.o(i.EvrFreeRTOSQueue_CreateMutex)
    EvrFreeRTOSQueue_CreateMutexFailed       0x000004b1   Thumb Code    14  freertos_evr.o(i.EvrFreeRTOSQueue_CreateMutexFailed)
    EvrFreeRTOSQueue_QueueCreate             0x000004c5   Thumb Code    16  freertos_evr.o(i.EvrFreeRTOSQueue_QueueCreate)
    EvrFreeRTOSQueue_QueueCreateFailed       0x000004d9   Thumb Code    16  freertos_evr.o(i.EvrFreeRTOSQueue_QueueCreateFailed)
    EvrFreeRTOSQueue_QueueDelete             0x000004ed   Thumb Code    16  freertos_evr.o(i.EvrFreeRTOSQueue_QueueDelete)
    EvrFreeRTOSQueue_QueueReceive            0x00000501   Thumb Code    16  freertos_evr.o(i.EvrFreeRTOSQueue_QueueReceive)
    EvrFreeRTOSQueue_QueueReceiveFailed      0x00000515   Thumb Code    16  freertos_evr.o(i.EvrFreeRTOSQueue_QueueReceiveFailed)
    EvrFreeRTOSQueue_QueueSend               0x00000529   Thumb Code    16  freertos_evr.o(i.EvrFreeRTOSQueue_QueueSend)
    EvrFreeRTOSQueue_QueueSendFailed         0x0000053d   Thumb Code    16  freertos_evr.o(i.EvrFreeRTOSQueue_QueueSendFailed)
    EvrFreeRTOSTasks_MovedTaskToReadyState   0x00000551   Thumb Code    16  freertos_evr.o(i.EvrFreeRTOSTasks_MovedTaskToReadyState)
    EvrFreeRTOSTasks_PostMovedTaskToReadyState 0x00000565   Thumb Code    16  freertos_evr.o(i.EvrFreeRTOSTasks_PostMovedTaskToReadyState)
    EvrFreeRTOSTasks_TaskIncrementTick       0x00000579   Thumb Code    16  freertos_evr.o(i.EvrFreeRTOSTasks_TaskIncrementTick)
    EvrFreeRTOSTasks_TaskPriorityDisinherit  0x0000058d   Thumb Code    18  freertos_evr.o(i.EvrFreeRTOSTasks_TaskPriorityDisinherit)
    EvrFreeRTOSTasks_TaskPriorityInherit     0x000005a5   Thumb Code    18  freertos_evr.o(i.EvrFreeRTOSTasks_TaskPriorityInherit)
    EvrFreeRTOSTasks_TaskSwitchedIn          0x000005bd   Thumb Code    18  freertos_evr.o(i.EvrFreeRTOSTasks_TaskSwitchedIn)
    EvrFreeRTOSTasks_TaskSwitchedOut         0x000005d5   Thumb Code    16  freertos_evr.o(i.EvrFreeRTOSTasks_TaskSwitchedOut)
    SVC_Handler                              0x000005e9   Thumb Code     2  port.o(i.SVC_Handler)
    SysTick_Handler                          0x000005ed   Thumb Code    20  cmsis_os2.o(i.SysTick_Handler)
    SystemInit                               0x00000605   Thumb Code     8  system_armcm0plus.o(i.SystemInit)
    _mutex_acquire                           0x0000061b   Thumb Code    24  clib_arm.o(i._mutex_acquire)
    _mutex_free                              0x00000635   Thumb Code    44  clib_arm.o(i._mutex_free)
    _mutex_initialize                        0x00000665   Thumb Code    88  clib_arm.o(i._mutex_initialize)
    _mutex_release                           0x000006c5   Thumb Code    26  clib_arm.o(i._mutex_release)
    pvPortMalloc                             0x00000a81   Thumb Code   198  heap_4.o(i.pvPortMalloc)
    pvTaskIncrementMutexHeldCount            0x00000b5d   Thumb Code    28  tasks.o(i.pvTaskIncrementMutexHeldCount)
    uxListRemove                             0x00000b7d   Thumb Code    40  list.o(i.uxListRemove)
    vApplicationStackOverflowHook            0x00000ba5   Thumb Code     2  cmsis_os2.o(i.vApplicationStackOverflowHook)
    vListInitialise                          0x00000ba7   Thumb Code    26  list.o(i.vListInitialise)
    vListInsert                              0x00000bc1   Thumb Code    54  list.o(i.vListInsert)
    vListInsertEnd                           0x00000bf7   Thumb Code    24  list.o(i.vListInsertEnd)
    vPortEnterCritical                       0x00000c11   Thumb Code    22  port.o(i.vPortEnterCritical)
    vPortExitCritical                        0x00000c2d   Thumb Code    22  port.o(i.vPortExitCritical)
    vPortFree                                0x00000c49   Thumb Code    78  heap_4.o(i.vPortFree)
    vPortYield                               0x00000ca1   Thumb Code    18  port.o(i.vPortYield)
    vQueueDelete                             0x00000cb9   Thumb Code    28  queue.o(i.vQueueDelete)
    vTaskInternalSetTimeOutState             0x00000cd5   Thumb Code    14  tasks.o(i.vTaskInternalSetTimeOutState)
    vTaskMissedYield                         0x00000ced   Thumb Code     8  tasks.o(i.vTaskMissedYield)
    vTaskPlaceOnEventList                    0x00000cf9   Thumb Code    28  tasks.o(i.vTaskPlaceOnEventList)
    vTaskPriorityDisinheritAfterTimeout      0x00000d19   Thumb Code   148  tasks.o(i.vTaskPriorityDisinheritAfterTimeout)
    vTaskSuspendAll                          0x00000db5   Thumb Code    12  tasks.o(i.vTaskSuspendAll)
    vTaskSwitchContext                       0x00000dc5   Thumb Code   162  tasks.o(i.vTaskSwitchContext)
    xPortSysTickHandler                      0x00000e81   Thumb Code    32  port.o(i.xPortSysTickHandler)
    xQueueCreateMutex                        0x00000ea5   Thumb Code    30  queue.o(i.xQueueCreateMutex)
    xQueueCreateMutexStatic                  0x00000ec3   Thumb Code    38  queue.o(i.xQueueCreateMutexStatic)
    xQueueGenericCreate                      0x00000ee9   Thumb Code    80  queue.o(i.xQueueGenericCreate)
    xQueueGenericCreateStatic                0x00000f39   Thumb Code    50  queue.o(i.xQueueGenericCreateStatic)
    xQueueGenericReset                       0x00000f6b   Thumb Code   120  queue.o(i.xQueueGenericReset)
    xQueueGenericSend                        0x00000fe3   Thumb Code   276  queue.o(i.xQueueGenericSend)
    xQueueSemaphoreTake                      0x000010f7   Thumb Code   322  queue.o(i.xQueueSemaphoreTake)
    xTaskCheckForTimeOut                     0x00001239   Thumb Code    86  tasks.o(i.xTaskCheckForTimeOut)
    xTaskGetSchedulerState                   0x00001299   Thumb Code    28  tasks.o(i.xTaskGetSchedulerState)
    xTaskIncrementTick                       0x000012bd   Thumb Code   262  tasks.o(i.xTaskIncrementTick)
    xTaskPriorityDisinherit                  0x000013f1   Thumb Code   108  tasks.o(i.xTaskPriorityDisinherit)
    xTaskPriorityInherit                     0x00001465   Thumb Code   174  tasks.o(i.xTaskPriorityInherit)
    xTaskRemoveFromEventList                 0x00001521   Thumb Code   114  tasks.o(i.xTaskRemoveFromEventList)
    xTaskResumeAll                           0x000015ad   Thumb Code   204  tasks.o(i.xTaskResumeAll)
    __main                                   0x00001699   Thumb Code    60  assembly_file.o(test_array)
    EventRecorderInfo                        0x000016dc   Data          24  eventrecorder.o(.constdata)
    SystemCoreClock                          0x20000004   Data           4  system_armcm0plus.o(.data)
    pxCurrentTCB                             0x20000024   Data           4  tasks.o(.data)
    __stack_limit                            0x20002da8   Data           0  startup_armcm0plus.o(STACK)
    __initial_sp                             0x200031a8   Data           0  startup_armcm0plus.o(STACK)



==============================================================================

Memory Map of the image

  Image Entry point : 0x00000171

  Load Region LR_1 (Base: 0x00000000, Size: 0x00001760, Max: 0xffffffff, ABSOLUTE)

    Execution Region ER_RO (Exec base: 0x00000000, Load base: 0x00000000, Size: 0x000016f4, Max: 0xffffffff, ABSOLUTE)

    Exec Addr    Load Addr    Size         Type   Attr      Idx    E Section Name        Object

    0x00000000   0x00000000   0x000000c0   Data   RO         1651    RESET               startup_armcm0plus.o
    0x000000c0   0x000000c0   0x00000078   Code   RO         2463    .emb_text           port.o
    0x00000138   0x00000138   0x00000038   Code   RO         3474    .emb_text           c_p.l(rt_memcpy.o)
    0x00000170   0x00000170   0x00000030   Code   RO         1652  * .text               startup_armcm0plus.o
    0x000001a0   0x000001a0   0x00000082   Code   RO         3475    .text               c_p.l(rt_memcpy.o)
    0x00000222   0x00000222   0x00000006   Code   RO         3492    .text               c_p.l(heapauxi.o)
    0x00000228   0x00000228   0x0000002c   Code   RO         1432    i.EventCheckFilter  eventrecorder.o
    0x00000254   0x00000254   0x00000060   Code   RO         1433    i.EventGetTS        eventrecorder.o
    0x000002b4   0x000002b4   0x0000004c   Code   RO         1434    i.EventRecord2      eventrecorder.o
    0x00000300   0x00000300   0x00000134   Code   RO         1437    i.EventRecordItem   eventrecorder.o
    0x00000434   0x00000434   0x00000014   Code   RO         1444    i.EventRecorderTimerGetCount  eventrecorder.o
    0x00000448   0x00000448   0x00000018   Code   RO         1701    i.EvrFreeRTOSHeap_Free  freertos_evr.o
    0x00000460   0x00000460   0x00000014   Code   RO         1702    i.EvrFreeRTOSHeap_Malloc  freertos_evr.o
    0x00000474   0x00000474   0x00000014   Code   RO         1703    i.EvrFreeRTOSQueue_BlockingOnQueueReceive  freertos_evr.o
    0x00000488   0x00000488   0x00000014   Code   RO         1704    i.EvrFreeRTOSQueue_BlockingOnQueueSend  freertos_evr.o
    0x0000049c   0x0000049c   0x00000014   Code   RO         1707    i.EvrFreeRTOSQueue_CreateMutex  freertos_evr.o
    0x000004b0   0x000004b0   0x00000014   Code   RO         1708    i.EvrFreeRTOSQueue_CreateMutexFailed  freertos_evr.o
    0x000004c4   0x000004c4   0x00000014   Code   RO         1711    i.EvrFreeRTOSQueue_QueueCreate  freertos_evr.o
    0x000004d8   0x000004d8   0x00000014   Code   RO         1712    i.EvrFreeRTOSQueue_QueueCreateFailed  freertos_evr.o
    0x000004ec   0x000004ec   0x00000014   Code   RO         1713    i.EvrFreeRTOSQueue_QueueDelete  freertos_evr.o
    0x00000500   0x00000500   0x00000014   Code   RO         1718    i.EvrFreeRTOSQueue_QueueReceive  freertos_evr.o
    0x00000514   0x00000514   0x00000014   Code   RO         1719    i.EvrFreeRTOSQueue_QueueReceiveFailed  freertos_evr.o
    0x00000528   0x00000528   0x00000014   Code   RO         1723    i.EvrFreeRTOSQueue_QueueSend  freertos_evr.o
    0x0000053c   0x0000053c   0x00000014   Code   RO         1724    i.EvrFreeRTOSQueue_QueueSendFailed  freertos_evr.o
    0x00000550   0x00000550   0x00000014   Code   RO         1746    i.EvrFreeRTOSTasks_MovedTaskToReadyState  freertos_evr.o
    0x00000564   0x00000564   0x00000014   Code   RO         1747    i.EvrFreeRTOSTasks_PostMovedTaskToReadyState  freertos_evr.o
    0x00000578   0x00000578   0x00000014   Code   RO         1753    i.EvrFreeRTOSTasks_TaskIncrementTick  freertos_evr.o
    0x0000058c   0x0000058c   0x00000018   Code   RO         1761    i.EvrFreeRTOSTasks_TaskPriorityDisinherit  freertos_evr.o
    0x000005a4   0x000005a4   0x00000018   Code   RO         1762    i.EvrFreeRTOSTasks_TaskPriorityInherit  freertos_evr.o
    0x000005bc   0x000005bc   0x00000018   Code   RO         1767    i.EvrFreeRTOSTasks_TaskSwitchedIn  freertos_evr.o
    0x000005d4   0x000005d4   0x00000014   Code   RO         1768    i.EvrFreeRTOSTasks_TaskSwitchedOut  freertos_evr.o
    0x000005e8   0x000005e8   0x00000002   Code   RO         2464    i.SVC_Handler       port.o
    0x000005ea   0x000005ea   0x00000002   PAD
    0x000005ec   0x000005ec   0x00000018   Code   RO          234    i.SysTick_Handler   cmsis_os2.o
    0x00000604   0x00000604   0x00000010   Code   RO         1659    i.SystemInit        system_armcm0plus.o
    0x00000614   0x00000614   0x00000006   Code   RO         1448    i.__get_PRIMASK     eventrecorder.o
    0x0000061a   0x0000061a   0x00000018   Code   RO           11    i._mutex_acquire    clib_arm.o
    0x00000632   0x00000632   0x00000002   PAD
    0x00000634   0x00000634   0x00000030   Code   RO           12    i._mutex_free       clib_arm.o
    0x00000664   0x00000664   0x00000060   Code   RO           13    i._mutex_initialize  clib_arm.o
    0x000006c4   0x000006c4   0x0000001a   Code   RO           14    i._mutex_release    clib_arm.o
    0x000006de   0x000006de   0x0000001c   Code   RO         1449    i.atomic_inc32      eventrecorder.o
    0x000006fa   0x000006fa   0x00000002   PAD
    0x000006fc   0x000006fc   0x00000028   Code   RO           16    i.os_kernel_is_active  clib_arm.o
    0x00000724   0x00000724   0x0000007c   Code   RO         2935    i.prvAddCurrentTaskToDelayedList  tasks.o
    0x000007a0   0x000007a0   0x00000080   Code   RO         2542    i.prvCopyDataToQueue  queue.o
    0x00000820   0x00000820   0x00000016   Code   RO         2543    i.prvGetDisinheritPriorityAfterTimeout  queue.o
    0x00000836   0x00000836   0x00000002   PAD
    0x00000838   0x00000838   0x0000007c   Code   RO         2406    i.prvHeapInit       heap_4.o
    0x000008b4   0x000008b4   0x0000002c   Code   RO         2544    i.prvInitialiseMutex  queue.o
    0x000008e0   0x000008e0   0x00000032   Code   RO         2545    i.prvInitialiseNewQueue  queue.o
    0x00000912   0x00000912   0x00000002   PAD
    0x00000914   0x00000914   0x00000068   Code   RO         2407    i.prvInsertBlockIntoFreeList  heap_4.o
    0x0000097c   0x0000097c   0x0000001c   Code   RO         2546    i.prvIsQueueEmpty   queue.o
    0x00000998   0x00000998   0x0000001e   Code   RO         2547    i.prvIsQueueFull    queue.o
    0x000009b6   0x000009b6   0x00000002   PAD
    0x000009b8   0x000009b8   0x00000038   Code   RO         2943    i.prvResetNextTaskUnblockTime  tasks.o
    0x000009f0   0x000009f0   0x0000008e   Code   RO         2548    i.prvUnlockQueue    queue.o
    0x00000a7e   0x00000a7e   0x00000002   PAD
    0x00000a80   0x00000a80   0x000000dc   Code   RO         2408    i.pvPortMalloc      heap_4.o
    0x00000b5c   0x00000b5c   0x00000020   Code   RO         2946    i.pvTaskIncrementMutexHeldCount  tasks.o
    0x00000b7c   0x00000b7c   0x00000028   Code   RO         2362    i.uxListRemove      list.o
    0x00000ba4   0x00000ba4   0x00000002   Code   RO          303    i.vApplicationStackOverflowHook  cmsis_os2.o
    0x00000ba6   0x00000ba6   0x0000001a   Code   RO         2363    i.vListInitialise   list.o
    0x00000bc0   0x00000bc0   0x00000036   Code   RO         2365    i.vListInsert       list.o
    0x00000bf6   0x00000bf6   0x00000018   Code   RO         2366    i.vListInsertEnd    list.o
    0x00000c0e   0x00000c0e   0x00000002   PAD
    0x00000c10   0x00000c10   0x0000001c   Code   RO         2469    i.vPortEnterCritical  port.o
    0x00000c2c   0x00000c2c   0x0000001c   Code   RO         2470    i.vPortExitCritical  port.o
    0x00000c48   0x00000c48   0x00000058   Code   RO         2409    i.vPortFree         heap_4.o
    0x00000ca0   0x00000ca0   0x00000018   Code   RO         2471    i.vPortYield        port.o
    0x00000cb8   0x00000cb8   0x0000001c   Code   RO         2554    i.vQueueDelete      queue.o
    0x00000cd4   0x00000cd4   0x00000018   Code   RO         2960    i.vTaskInternalSetTimeOutState  tasks.o
    0x00000cec   0x00000cec   0x0000000c   Code   RO         2961    i.vTaskMissedYield  tasks.o
    0x00000cf8   0x00000cf8   0x00000020   Code   RO         2963    i.vTaskPlaceOnEventList  tasks.o
    0x00000d18   0x00000d18   0x0000009c   Code   RO         2966    i.vTaskPriorityDisinheritAfterTimeout  tasks.o
    0x00000db4   0x00000db4   0x00000010   Code   RO         2974    i.vTaskSuspendAll   tasks.o
    0x00000dc4   0x00000dc4   0x000000bc   Code   RO         2975    i.vTaskSwitchContext  tasks.o
    0x00000e80   0x00000e80   0x00000024   Code   RO         2473    i.xPortSysTickHandler  port.o
    0x00000ea4   0x00000ea4   0x0000001e   Code   RO         2559    i.xQueueCreateMutex  queue.o
    0x00000ec2   0x00000ec2   0x00000026   Code   RO         2560    i.xQueueCreateMutexStatic  queue.o
    0x00000ee8   0x00000ee8   0x00000050   Code   RO         2561    i.xQueueGenericCreate  queue.o
    0x00000f38   0x00000f38   0x00000032   Code   RO         2562    i.xQueueGenericCreateStatic  queue.o
    0x00000f6a   0x00000f6a   0x00000078   Code   RO         2563    i.xQueueGenericReset  queue.o
    0x00000fe2   0x00000fe2   0x00000114   Code   RO         2564    i.xQueueGenericSend  queue.o
    0x000010f6   0x000010f6   0x00000142   Code   RO         2576    i.xQueueSemaphoreTake  queue.o
    0x00001238   0x00001238   0x00000060   Code   RO         2976    i.xTaskCheckForTimeOut  tasks.o
    0x00001298   0x00001298   0x00000024   Code   RO         2982    i.xTaskGetSchedulerState  tasks.o
    0x000012bc   0x000012bc   0x00000134   Code   RO         2985    i.xTaskIncrementTick  tasks.o
    0x000013f0   0x000013f0   0x00000074   Code   RO         2988    i.xTaskPriorityDisinherit  tasks.o
    0x00001464   0x00001464   0x000000bc   Code   RO         2989    i.xTaskPriorityInherit  tasks.o
    0x00001520   0x00001520   0x0000008c   Code   RO         2990    i.xTaskRemoveFromEventList  tasks.o
    0x000015ac   0x000015ac   0x000000ec   Code   RO         2991    i.xTaskResumeAll    tasks.o
    0x00001698   0x00001698   0x00000044   Code   RO            2  * test_array          assembly_file.o
    0x000016dc   0x000016dc   0x00000018   Data   RO         1452    .constdata          eventrecorder.o


    Execution Region ER_RW (Exec base: 0x20000000, Load base: 0x000016f4, Size: 0x0000006c, Max: 0xffffffff, ABSOLUTE)

    Exec Addr    Load Addr    Size         Type   Attr      Idx    E Section Name        Object

    0x20000000   0x000016f4   0x00000001   Data   RW           18    .data               clib_arm.o
    0x20000001   0x000016f5   0x00000003   PAD
    0x20000004   0x000016f8   0x00000004   Data   RW         1660    .data               system_armcm0plus.o
    0x20000008   0x000016fc   0x00000018   Data   RW         2414    .data               heap_4.o
    0x20000020   0x00001714   0x00000004   Data   RW         2474    .data               port.o
    0x20000024   0x00001718   0x0000003c   Data   RW         2994    .data               tasks.o
    0x20000060   0x00001754   0x0000000a   Data   RW            1    NEW_ARRAY           assembly_file.o


    Execution Region ER_ZI (Exec base: 0x2000006c, Load base: 0x00001760, Size: 0x0000313c, Max: 0xffffffff, ABSOLUTE)

    Exec Addr    Load Addr    Size         Type   Attr      Idx    E Section Name        Object

    0x2000006c        -       0x00000394   Zero   RW           17    .bss                clib_arm.o
    0x20000400        -       0x00002000   Zero   RW         2413    .bss                heap_4.o
    0x20002400        -       0x000004c4   Zero   RW         2993    .bss                tasks.o
    0x200028c4   0x00001760   0x0000003c   PAD
    0x20002900        -       0x000004a8   Zero   RW         1451    .bss.noinit         eventrecorder.o
    0x20002da8        -       0x00000400   Zero   RW         1649    STACK               startup_armcm0plus.o


==============================================================================

Image component sizes


      Code (inc. data)   RO Data    RW Data    ZI Data      Debug   Object Name

        68          8          0         10          0        380   assembly_file.o
       234         18          0          1        916      29328   clib_arm.o
        26          4          0          0          0       1198   cmsis_os2.o
         0          0          0          0          0       6476   event_groups.o
       578         30         24          0       1192      12592   eventrecorder.o
       416         86          0          0          0      13191   freertos_evr.o
       536         64          0         24       8192       4223   heap_4.o
       144          0          0          0          0       2988   list.o
       238         32          0          4          0       3658   port.o
      1388          0          0          0          0      15898   queue.o
        48         10        192          0       1024       1016   startup_armcm0plus.o
        16          8          0          4          0        687   system_armcm0plus.o
      1760        238          0         60       1220      18016   tasks.o

    ----------------------------------------------------------------------
      5468        498        216        108      12604     109651   Object Totals
         0          0          0          0          0          0   (incl. Generated)
        16          0          0          5         60          0   (incl. Padding)

    ----------------------------------------------------------------------

      Code (inc. data)   RO Data    RW Data    ZI Data      Debug   Library Member Name

         6          0          0          0          0        136   heapauxi.o
       186          0          0          0          0        144   rt_memcpy.o

    ----------------------------------------------------------------------
       192          0          0          0          0        280   Library Totals
         0          0          0          0          0          0   (incl. Padding)

    ----------------------------------------------------------------------

      Code (inc. data)   RO Data    RW Data    ZI Data      Debug   Library Name

       192          0          0          0          0        280   c_p.l

    ----------------------------------------------------------------------
       192          0          0          0          0        280   Library Totals

    ----------------------------------------------------------------------

==============================================================================


      Code (inc. data)   RO Data    RW Data    ZI Data      Debug   

      5660        498        216        108      12604     106387   Grand Totals
      5660        498        216        108      12604     106387   ELF Image Totals
      5660        498        216        108          0          0   ROM Totals

==============================================================================

    Total RO  Size (Code + RO Data)                 5876 (   5.74kB)
    Total RW  Size (RW Data + ZI Data)             12712 (  12.41kB)
    Total ROM Size (Code + RO Data + RW Data)       5984 (   5.84kB)

==============================================================================

