<html>
<body>
<pre>
<h1>µVision Build Log</h1>
<h2>Tool Versions:</h2>
IDE-Version: µVision V5.28.0.0
Copyright (C) 2019 ARM Ltd and ARM Germany GmbH. All rights reserved.
License Information: Burak Bozdag, ITU, LIC=----
 
Tool Versions:
Toolchain:       MDK-Lite  Version: 5.28.0.0
Toolchain Path:  C:\Keil_v5\ARM\ARMCC\Bin
C Compiler:      Armcc.exe V5.06 update 6 (build 750)
Assembler:       Armasm.exe V5.06 update 6 (build 750)
Linker/Locator:  ArmLink.exe V5.06 update 6 (build 750)
Library Manager: ArmAr.exe V5.06 update 6 (build 750)
Hex Converter:   FromElf.exe V5.06 update 6 (build 750)
CPU DLL:         SARMCM3.DLL V5.28.0.0
Dialog DLL:      DARMCM1.DLL V1.19.2.0
Target DLL:      UL2CM3.DLL V1.162.16.0
Dialog DLL:      TARMCM1.DLL V1.14.1.0
 
<h2>Project:</h2>
C:\Users\Burak\Desktop\Microprocessor Systems\homework2\homework2.uvprojx
Project File Date:  12/07/2019

<h2>Output:</h2>
*** Using Compiler 'V5.06 update 6 (build 750)', folder: 'C:\Keil_v5\ARM\ARMCC\Bin'
Build target 'Target 1'
assembling assembly_file.s...
linking...
Program Size: Code=5660 RO-data=216 RW-data=108 ZI-data=12604  
".\Objects\homework2.axf" - 0 Error(s), 0 Warning(s).

<h2>Software Packages used:</h2>

Package Vendor: ARM
                http://www.keil.com/pack/ARM.CMSIS.5.6.0.pack
                ARM.CMSIS.5.6.0
                CMSIS (Cortex Microcontroller Software Interface Standard)
   * Component: RTOS Version: 1.0.0
   * Component: RTOS2 Version: 2.1.3
   * Component: CORE Version: 5.3.0
   * Component: DSP Variant: Library Version: 1.7.0
   * Component: NN Lib Version: 1.2.0
   * Component: Startup Version: 1.2.0

Package Vendor: ARM
                http://www.keil.com/pack/ARM.CMSIS-FreeRTOS.10.2.0.pack
                ARM.CMSIS-FreeRTOS.10.2.0
                Bundle of FreeRTOS for Cortex-M and Cortex-A
   * Component: Config Variant: CMSIS RTOS2 Version: 10.2.0
   * Component: Core Variant: Cortex-M Version: 10.2.0
   * Component: Coroutines Version: 10.2.0
   * Component: Event Groups Version: 10.2.0
   * Component: Heap Variant: Heap_4 Version: 10.2.0
   * Component: Message Buffer Version: 10.2.0
   * Component: Stream Buffer Version: 10.2.0
   * Component: Timers Version: 10.2.0
   * Component: FreeRTOS Version: 10.2.0
   * Component: FreeRTOS Version: 10.2.0

Package Vendor: NXP
                http://mcuxpresso.nxp.com/cmsis_pack/repo/NXP.EVKB-IMXRT1050_BSP.12.0.0.pack
                NXP.EVKB-IMXRT1050_BSP.12.0.0
                Board Support Pack for EVKBIMXRT1050
   * Component: serial_manager_usb_config Version: 1.0.0

Package Vendor: Keil
                http://www.keil.com/pack/Keil.ARM_Compiler.1.6.1.pack
                Keil.ARM_Compiler.1.6.1
                Keil ARM Compiler extensions for ARM Compiler 5 and ARM Compiler 6
   * Component: Event Recorder Variant: DAP Version: 1.4.0
   * Component: STDERR Variant: Breakpoint Version: 1.2.0
   * Component: STDIN Variant: Breakpoint Version: 1.2.0
   * Component: STDOUT Variant: Breakpoint Version: 1.2.0
   * Component: TTY Variant: Breakpoint Version: 1.2.0

<h2>Collection of Component include folders:</h2>
  .\RTE\Compiler
  .\RTE\RTOS
  .\RTE\_Target_1
  C:\Users\Burak\AppData\Local\Arm\Packs\ARM\CMSIS-FreeRTOS\10.2.0\CMSIS\RTOS2\FreeRTOS\Include
  C:\Users\Burak\AppData\Local\Arm\Packs\ARM\CMSIS-FreeRTOS\10.2.0\CMSIS\RTOS2\FreeRTOS\Include1
  C:\Users\Burak\AppData\Local\Arm\Packs\ARM\CMSIS-FreeRTOS\10.2.0\Source\include
  C:\Users\Burak\AppData\Local\Arm\Packs\ARM\CMSIS-FreeRTOS\10.2.0\Source\portable\RVDS\ARM_CM0
  C:\Users\Burak\AppData\Local\Arm\Packs\ARM\CMSIS\5.6.0\CMSIS\Core\Include
  C:\Users\Burak\AppData\Local\Arm\Packs\ARM\CMSIS\5.6.0\CMSIS\DSP\Include
  C:\Users\Burak\AppData\Local\Arm\Packs\ARM\CMSIS\5.6.0\CMSIS\NN\Include
  C:\Users\Burak\AppData\Local\Arm\Packs\ARM\CMSIS\5.6.0\CMSIS\RTOS2\Include
  C:\Users\Burak\AppData\Local\Arm\Packs\ARM\CMSIS\5.6.0\Device\ARM\ARMCM0plus\Include
  C:\Users\Burak\AppData\Local\Arm\Packs\Keil\ARM_Compiler\1.6.1\Include
  C:\Users\Burak\AppData\Local\Arm\Packs\NXP\EVKB-IMXRT1050_BSP\12.0.0\component_examples\config

<h2>Collection of Component Files used:</h2>

   * Component: ::CMSIS:RTOS:1.0.0 (API)

   * Component: ::CMSIS:RTOS2:2.1.3 (API)
      Include file:  CMSIS\RTOS2\Include\cmsis_os2.h

   * Component: ARM.FreeRTOS::RTOS:Config:CMSIS RTOS2:10.2.0
      Include file:  CMSIS\RTOS2\FreeRTOS\Config\ARMCM\FreeRTOSConfig.h

   * Component: ARM.FreeRTOS::RTOS:Core:Cortex-M:10.2.0
      Include file:  Source\include\task.h
      Source file:   Source\tasks.c
      Source file:   Source\portable\RVDS\ARM_CM0\port.c
      Include file:  Source\include\semphr.h
      Source file:   Source\queue.c
      Source file:   Source\list.c
      Include file:  Source\include\FreeRTOS.h
      Include file:  Source\include\queue.h
      Source file:   CMSIS\RTOS2\FreeRTOS\Source\freertos_evr.c

   * Component: ARM.FreeRTOS::RTOS:Coroutines:10.2.0
      Include file:  Source\include\croutine.h
      Source file:   Source\croutine.c

   * Component: ARM.FreeRTOS::RTOS:Event Groups:10.2.0
      Include file:  Source\include\event_groups.h
      Source file:   Source\event_groups.c

   * Component: ARM.FreeRTOS::RTOS:Heap:Heap_4:10.2.0
      Source file:   Source\portable\MemMang\heap_4.c

   * Component: ARM.FreeRTOS::RTOS:Message Buffer:10.2.0
      Source file:   Source\stream_buffer.c
      Include file:  Source\include\message_buffer.h

   * Component: ARM.FreeRTOS::RTOS:Stream Buffer:10.2.0
      Source file:   Source\stream_buffer.c
      Include file:  Source\include\stream_buffer.h

   * Component: ARM.FreeRTOS::RTOS:Timers:10.2.0
      Source file:   Source\timers.c
      Include file:  Source\include\timers.h

   * Component: ARM::CMSIS:CORE:5.3.0

   * Component: ARM::CMSIS:DSP:Library:1.7.0
      Include file:  CMSIS\DSP\Include\arm_math.h
      Library file:  CMSIS\DSP\Lib\ARM\arm_cortexM0l_math.lib

   * Component: ARM::CMSIS:NN Lib:1.2.0
      Source file:   CMSIS\NN\Source\ActivationFunctions\arm_nn_activations_q15.c
      Source file:   CMSIS\NN\Source\ConvolutionFunctions\arm_convolve_HWC_q7_basic_nonsquare.c
      Source file:   CMSIS\NN\Source\ActivationFunctions\arm_relu_q7.c
      Include file:  CMSIS\NN\Include\arm_nnfunctions.h
      Source file:   CMSIS\NN\Source\ConvolutionFunctions\arm_nn_mat_mult_kernel_q7_q15_reordered.c
      Source file:   CMSIS\NN\Source\ActivationFunctions\arm_nn_activations_q7.c
      Source file:   CMSIS\NN\Source\ConvolutionFunctions\arm_convolve_HWC_q7_fast.c
      Source file:   CMSIS\NN\Source\ConvolutionFunctions\arm_convolve_HWC_q7_fast_nonsquare.c
      Source file:   CMSIS\NN\Source\ConvolutionFunctions\arm_convolve_HWC_q15_basic.c
      Source file:   CMSIS\NN\Source\ConvolutionFunctions\arm_convolve_HWC_q7_RGB.c
      Source file:   CMSIS\NN\Source\ConvolutionFunctions\arm_convolve_HWC_q15_fast.c
      Source file:   CMSIS\NN\Source\ActivationFunctions\arm_relu_q15.c
      Source file:   CMSIS\NN\Source\ConvolutionFunctions\arm_depthwise_separable_conv_HWC_q7.c
      Source file:   CMSIS\NN\Source\ConvolutionFunctions\arm_depthwise_separable_conv_HWC_q7_nonsquare.c
      Source file:   CMSIS\NN\Source\ConvolutionFunctions\arm_nn_mat_mult_kernel_q7_q15.c
      Source file:   CMSIS\NN\Source\ConvolutionFunctions\arm_convolve_1x1_HWC_q7_fast_nonsquare.c
      Source file:   CMSIS\NN\Source\ConvolutionFunctions\arm_convolve_HWC_q7_basic.c
      Source file:   CMSIS\NN\Source\FullyConnectedFunctions\arm_fully_connected_mat_q7_vec_q15.c
      Source file:   CMSIS\NN\Source\SoftmaxFunctions\arm_softmax_q15.c
      Source file:   CMSIS\NN\Source\NNSupportFunctions\arm_nn_mult_q7.c
      Source file:   CMSIS\NN\Source\ConvolutionFunctions\arm_depthwise_conv_u8_basic_ver1.c
      Source file:   CMSIS\NN\Source\SoftmaxFunctions\arm_softmax_q7.c
      Source file:   CMSIS\NN\Source\FullyConnectedFunctions\arm_fully_connected_q7_opt.c
      Source file:   CMSIS\NN\Source\FullyConnectedFunctions\arm_fully_connected_q15_opt.c
      Source file:   CMSIS\NN\Source\PoolingFunctions\arm_pool_q7_HWC.c
      Source file:   CMSIS\NN\Source\NNSupportFunctions\arm_nntables.c
      Source file:   CMSIS\NN\Source\NNSupportFunctions\arm_nn_mult_q15.c
      Source file:   CMSIS\NN\Source\FullyConnectedFunctions\arm_fully_connected_q7.c
      Source file:   CMSIS\NN\Source\FullyConnectedFunctions\arm_fully_connected_q15.c
      Source file:   CMSIS\NN\Source\NNSupportFunctions\arm_q7_to_q15_no_shift.c
      Source file:   CMSIS\NN\Source\FullyConnectedFunctions\arm_fully_connected_mat_q7_vec_q15_opt.c
      Source file:   CMSIS\NN\Source\NNSupportFunctions\arm_q7_to_q15_reordered_no_shift.c

   * Component: ARM::CMSIS:RTOS:FreeRTOS:10.2.0
      Include file:  CMSIS\RTOS2\FreeRTOS\Include1\cmsis_os.h
      Source file:   CMSIS\RTOS2\FreeRTOS\Source\cmsis_os1.c

   * Component: ARM::CMSIS:RTOS2:FreeRTOS:10.2.0
      Source file:   CMSIS\RTOS2\FreeRTOS\Source\cmsis_os2.c
      Source file:   CMSIS\RTOS2\FreeRTOS\Source\ARM\clib_arm.c
      Source file:   CMSIS\RTOS2\FreeRTOS\Source\os_systick.c

   * Component: ARM::Device:Startup:1.2.0
      Source file:   Device\ARM\ARMCM0plus\Source\ARM\startup_ARMCM0plus.s
      Include file:  Device\ARM\ARMCM0plus\Include\ARMCM0plus.h
      Source file:   Device\ARM\ARMCM0plus\Source\system_ARMCM0plus.c

   * Component: Keil.ARM Compiler::Compiler:Event Recorder:DAP:1.4.0
      Include file:  Include\EventRecorder.h
      Source file:   Source\EventRecorder.c
      Include file:  Config\EventRecorderConf.h

   * Component: Keil.ARM Compiler::Compiler:I/O:STDERR:Breakpoint:1.2.0
      Source file:   Source\retarget_io.c

   * Component: Keil.ARM Compiler::Compiler:I/O:STDIN:Breakpoint:1.2.0
      Source file:   Source\retarget_io.c

   * Component: Keil.ARM Compiler::Compiler:I/O:STDOUT:Breakpoint:1.2.0
      Source file:   Source\retarget_io.c

   * Component: Keil.ARM Compiler::Compiler:I/O:TTY:Breakpoint:1.2.0
      Source file:   Source\retarget_io.c

   * Component: NXP::Device:SDK Utilities:serial_manager_usb_config:1.0.0
      Include file:  component_examples\config\usb_device_config.h
Build Time Elapsed:  00:00:01
</pre>
</body>
</html>
